168.151.98.14 - - [10/Jul/2024:23:20:29 +0530] "GET /js/bootstrap.min.js HTTP/2.0" 200 24274 "https://digitacetechsolutions.com/cookie-policy" "Mozilla/5.0 (X11; Linux x86_64) AppleWebKit/537.36 (KHTML, like Gecko) HeadlessChrome/106.0.5249.30 Safari/537.36" digitacetechsolutions.com 103.53.42.63
168.151.98.14 - - [10/Jul/2024:23:20:29 +0530] "GET /js/jquery.slicknav.js HTTP/2.0" 200 5813 "https://digitacetechsolutions.com/cookie-policy" "Mozilla/5.0 (X11; Linux x86_64) AppleWebKit/537.36 (KHTML, like Gecko) HeadlessChrome/106.0.5249.30 Safari/537.36" digitacetechsolutions.com 103.53.42.63
168.151.98.14 - - [10/Jul/2024:23:20:29 +0530] "GET /js/jquery.waypoints.min.js HTTP/2.0" 200 3216 "https://digitacetechsolutions.com/cookie-policy" "Mozilla/5.0 (X11; Linux x86_64) AppleWebKit/537.36 (KHTML, like Gecko) HeadlessChrome/106.0.5249.30 Safari/537.36" digitacetechsolutions.com 103.53.42.63
78.138.47.176 - - [10/Jul/2024:23:20:29 +0530] "GET /js/jquery-3.7.1.min.js HTTP/2.0" 200 38339 "https://digitacetechsolutions.com/term-of-service" "Mozilla/5.0 (X11; Linux x86_64) AppleWebKit/537.36 (KHTML, like Gecko) HeadlessChrome/106.0.5249.30 Safari/537.36" digitacetechsolutions.com 103.53.42.63
78.138.47.176 - - [10/Jul/2024:23:20:29 +0530] "GET /js/validator.min.js HTTP/2.0" 200 2936 "https://digitacetechsolutions.com/term-of-service" "Mozilla/5.0 (X11; Linux x86_64) AppleWebKit/537.36 (KHTML, like Gecko) HeadlessChrome/106.0.5249.30 Safari/537.36" digitacetechsolutions.com 103.53.42.63
78.138.47.176 - - [10/Jul/2024:23:20:29 +0530] "GET /js/bootstrap.min.js HTTP/2.0" 200 24274 "https://digitacetechsolutions.com/term-of-service" "Mozilla/5.0 (X11; Linux x86_64) AppleWebKit/537.36 (KHTML, like Gecko) HeadlessChrome/106.0.5249.30 Safari/537.36" digitacetechsolutions.com 103.53.42.63
216.19.202.91 - - [10/Jul/2024:23:20:29 +0530] "GET /js/bootstrap.min.js HTTP/2.0" 200 24274 "https://digitacetechsolutions.com/case-study" "Mozilla/5.0 (X11; Linux x86_64) AppleWebKit/537.36 (KHTML, like Gecko) HeadlessChrome/106.0.5249.30 Safari/537.36" digitacetechsolutions.com 103.53.42.63
216.19.202.91 - - [10/Jul/2024:23:20:29 +0530] "GET /js/jquery-3.7.1.min.js HTTP/2.0" 200 38339 "https://digitacetechsolutions.com/case-study" "Mozilla/5.0 (X11; Linux x86_64) AppleWebKit/537.36 (KHTML, like Gecko) HeadlessChrome/106.0.5249.30 Safari/537.36" digitacetechsolutions.com 103.53.42.63
216.19.202.91 - - [10/Jul/2024:23:20:29 +0530] "GET /js/validator.min.js HTTP/2.0" 200 2936 "https://digitacetechsolutions.com/case-study" "Mozilla/5.0 (X11; Linux x86_64) AppleWebKit/537.36 (KHTML, like Gecko) HeadlessChrome/106.0.5249.30 Safari/537.36" digitacetechsolutions.com 103.53.42.63
216.19.202.91 - - [10/Jul/2024:23:20:29 +0530] "GET /js/jquery.waypoints.min.js HTTP/2.0" 200 3216 "https://digitacetechsolutions.com/case-study" "Mozilla/5.0 (X11; Linux x86_64) AppleWebKit/537.36 (KHTML, like Gecko) HeadlessChrome/106.0.5249.30 Safari/537.36" digitacetechsolutions.com 103.53.42.63
216.19.202.91 - - [10/Jul/2024:23:20:29 +0530] "GET /js/jquery.slicknav.js HTTP/2.0" 200 5813 "https://digitacetechsolutions.com/case-study" "Mozilla/5.0 (X11; Linux x86_64) AppleWebKit/537.36 (KHTML, like Gecko) HeadlessChrome/106.0.5249.30 Safari/537.36" digitacetechsolutions.com 103.53.42.63
78.138.47.176 - - [10/Jul/2024:23:20:29 +0530] "GET /js/jquery.slicknav.js HTTP/2.0" 200 5813 "https://digitacetechsolutions.com/term-of-service" "Mozilla/5.0 (X11; Linux x86_64) AppleWebKit/537.36 (KHTML, like Gecko) HeadlessChrome/106.0.5249.30 Safari/537.36" digitacetechsolutions.com 103.53.42.63
78.138.47.176 - - [10/Jul/2024:23:20:29 +0530] "GET /js/jquery.counterup.min.js HTTP/2.0" 200 574 "https://digitacetechsolutions.com/term-of-service" "Mozilla/5.0 (X11; Linux x86_64) AppleWebKit/537.36 (KHTML, like Gecko) HeadlessChrome/106.0.5249.30 Safari/537.36" digitacetechsolutions.com 103.53.42.63
78.138.47.176 - - [10/Jul/2024:23:20:29 +0530] "GET /js/jquery.waypoints.min.js HTTP/2.0" 200 3216 "https://digitacetechsolutions.com/term-of-service" "Mozilla/5.0 (X11; Linux x86_64) AppleWebKit/537.36 (KHTML, like Gecko) HeadlessChrome/106.0.5249.30 Safari/537.36" digitacetechsolutions.com 103.53.42.63
78.138.47.176 - - [10/Jul/2024:23:20:29 +0530] "GET /js/isotope.min.js HTTP/2.0" 200 13113 "https://digitacetechsolutions.com/term-of-service" "Mozilla/5.0 (X11; Linux x86_64) AppleWebKit/537.36 (KHTML, like Gecko) HeadlessChrome/106.0.5249.30 Safari/537.36" digitacetechsolutions.com 103.53.42.63
213.188.65.138 - - [10/Jul/2024:23:20:29 +0530] "GET /js/bootstrap.min.js HTTP/2.0" 200 24274 "https://digitacetechsolutions.com/career" "Mozilla/5.0 (X11; Linux x86_64) AppleWebKit/537.36 (KHTML, like Gecko) HeadlessChrome/106.0.5249.30 Safari/537.36" digitacetechsolutions.com 103.53.42.63
213.188.65.138 - - [10/Jul/2024:23:20:29 +0530] "GET /js/validator.min.js HTTP/2.0" 200 2936 "https://digitacetechsolutions.com/career" "Mozilla/5.0 (X11; Linux x86_64) AppleWebKit/537.36 (KHTML, like Gecko) HeadlessChrome/106.0.5249.30 Safari/537.36" digitacetechsolutions.com 103.53.42.63
213.188.65.138 - - [10/Jul/2024:23:20:29 +0530] "GET /js/jquery-3.7.1.min.js HTTP/2.0" 200 38339 "https://digitacetechsolutions.com/career" "Mozilla/5.0 (X11; Linux x86_64) AppleWebKit/537.36 (KHTML, like Gecko) HeadlessChrome/106.0.5249.30 Safari/537.36" digitacetechsolutions.com 103.53.42.63
213.188.65.138 - - [10/Jul/2024:23:20:29 +0530] "GET /js/jquery.slicknav.js HTTP/2.0" 200 5813 "https://digitacetechsolutions.com/career" "Mozilla/5.0 (X11; Linux x86_64) AppleWebKit/537.36 (KHTML, like Gecko) HeadlessChrome/106.0.5249.30 Safari/537.36" digitacetechsolutions.com 103.53.42.63
213.188.65.138 - - [10/Jul/2024:23:20:29 +0530] "GET /js/jquery.waypoints.min.js HTTP/2.0" 200 3216 "https://digitacetechsolutions.com/career" "Mozilla/5.0 (X11; Linux x86_64) AppleWebKit/537.36 (KHTML, like Gecko) HeadlessChrome/106.0.5249.30 Safari/537.36" digitacetechsolutions.com 103.53.42.63
168.151.172.152 - - [10/Jul/2024:23:20:29 +0530] "GET /services HTTP/2.0" 200 10922 "-" "Mozilla/5.0 (X11; Linux x86_64) AppleWebKit/537.36 (KHTML, like Gecko) HeadlessChrome/106.0.5249.30 Safari/537.36" digitacetechsolutions.com 103.53.42.63
168.151.172.152 - - [10/Jul/2024:23:20:29 +0530] "GET /services HTTP/1.1" 200 10922 "-" "Mozilla/5.0 (X11; Linux x86_64) AppleWebKit/537.36 (KHTML, like Gecko) HeadlessChrome/106.0.5249.30 Safari/537.36" digitacetechsolutions.com 103.53.42.63
180.149.9.211 - - [10/Jul/2024:23:20:30 +0530] "GET /js/jquery-3.7.1.min.js HTTP/2.0" 200 38339 "https://digitacetechsolutions.com/portfolio" "Mozilla/5.0 (X11; Linux x86_64) AppleWebKit/537.36 (KHTML, like Gecko) HeadlessChrome/106.0.5249.30 Safari/537.36" digitacetechsolutions.com 103.53.42.63
180.149.9.211 - - [10/Jul/2024:23:20:30 +0530] "GET /js/validator.min.js HTTP/2.0" 200 2936 "https://digitacetechsolutions.com/portfolio" "Mozilla/5.0 (X11; Linux x86_64) AppleWebKit/537.36 (KHTML, like Gecko) HeadlessChrome/106.0.5249.30 Safari/537.36" digitacetechsolutions.com 103.53.42.63
180.149.9.211 - - [10/Jul/2024:23:20:30 +0530] "GET /js/jquery.slicknav.js HTTP/2.0" 200 5813 "https://digitacetechsolutions.com/portfolio" "Mozilla/5.0 (X11; Linux x86_64) AppleWebKit/537.36 (KHTML, like Gecko) HeadlessChrome/106.0.5249.30 Safari/537.36" digitacetechsolutions.com 103.53.42.63
180.149.9.211 - - [10/Jul/2024:23:20:30 +0530] "GET /js/bootstrap.min.js HTTP/2.0" 200 24274 "https://digitacetechsolutions.com/portfolio" "Mozilla/5.0 (X11; Linux x86_64) AppleWebKit/537.36 (KHTML, like Gecko) HeadlessChrome/106.0.5249.30 Safari/537.36" digitacetechsolutions.com 103.53.42.63
168.151.114.26 - - [10/Jul/2024:23:20:30 +0530] "GET /js/validator.min.js HTTP/2.0" 200 2936 "https://digitacetechsolutions.com/about" "Mozilla/5.0 (X11; Linux x86_64) AppleWebKit/537.36 (KHTML, like Gecko) HeadlessChrome/106.0.5249.30 Safari/537.36" digitacetechsolutions.com 103.53.42.63
168.151.114.26 - - [10/Jul/2024:23:20:30 +0530] "GET /js/bootstrap.min.js HTTP/2.0" 200 24274 "https://digitacetechsolutions.com/about" "Mozilla/5.0 (X11; Linux x86_64) AppleWebKit/537.36 (KHTML, like Gecko) HeadlessChrome/106.0.5249.30 Safari/537.36" digitacetechsolutions.com 103.53.42.63
168.151.114.26 - - [10/Jul/2024:23:20:30 +0530] "GET /js/jquery.waypoints.min.js HTTP/2.0" 200 3216 "https://digitacetechsolutions.com/about" "Mozilla/5.0 (X11; Linux x86_64) AppleWebKit/537.36 (KHTML, like Gecko) HeadlessChrome/106.0.5249.30 Safari/537.36" digitacetechsolutions.com 103.53.42.63
168.151.114.26 - - [10/Jul/2024:23:20:30 +0530] "GET /js/jquery.slicknav.js HTTP/2.0" 200 5813 "https://digitacetechsolutions.com/about" "Mozilla/5.0 (X11; Linux x86_64) AppleWebKit/537.36 (KHTML, like Gecko) HeadlessChrome/106.0.5249.30 Safari/537.36" digitacetechsolutions.com 103.53.42.63
168.151.114.26 - - [10/Jul/2024:23:20:30 +0530] "GET /js/jquery.counterup.min.js HTTP/2.0" 200 574 "https://digitacetechsolutions.com/about" "Mozilla/5.0 (X11; Linux x86_64) AppleWebKit/537.36 (KHTML, like Gecko) HeadlessChrome/106.0.5249.30 Safari/537.36" digitacetechsolutions.com 103.53.42.63
180.149.9.211 - - [10/Jul/2024:23:20:30 +0530] "GET /js/jquery.waypoints.min.js HTTP/2.0" 200 3216 "https://digitacetechsolutions.com/portfolio" "Mozilla/5.0 (X11; Linux x86_64) AppleWebKit/537.36 (KHTML, like Gecko) HeadlessChrome/106.0.5249.30 Safari/537.36" digitacetechsolutions.com 103.53.42.63
78.138.47.176 - - [10/Jul/2024:23:20:29 +0530] "GET /js/SmoothScroll.js HTTP/2.0" 200 8264 "https://digitacetechsolutions.com/term-of-service" "Mozilla/5.0 (X11; Linux x86_64) AppleWebKit/537.36 (KHTML, like Gecko) HeadlessChrome/106.0.5249.30 Safari/537.36" digitacetechsolutions.com 103.53.42.63
78.138.47.176 - - [10/Jul/2024:23:20:29 +0530] "GET /js/swiper-bundle.min.js HTTP/2.0" 200 58543 "https://digitacetechsolutions.com/term-of-service" "Mozilla/5.0 (X11; Linux x86_64) AppleWebKit/537.36 (KHTML, like Gecko) HeadlessChrome/106.0.5249.30 Safari/537.36" digitacetechsolutions.com 103.53.42.63
78.138.47.176 - - [10/Jul/2024:23:20:30 +0530] "GET /js/parallaxie.js HTTP/2.0" 200 690 "https://digitacetechsolutions.com/term-of-service" "Mozilla/5.0 (X11; Linux x86_64) AppleWebKit/537.36 (KHTML, like Gecko) HeadlessChrome/106.0.5249.30 Safari/537.36" digitacetechsolutions.com 103.53.42.63
161.129.171.35 - - [10/Jul/2024:23:20:30 +0530] "GET /privacy-policy.php HTTP/1.1" 302 232 "-" "Mozilla/5.0 (X11; Linux x86_64) AppleWebKit/537.36 (KHTML, like Gecko) HeadlessChrome/106.0.5249.30 Safari/537.36" digitacetechsolutions.com 103.53.42.63
161.129.171.35 - - [10/Jul/2024:23:20:30 +0530] "GET /privacy-policy.php HTTP/2.0" 302 232 "-" "Mozilla/5.0 (X11; Linux x86_64) AppleWebKit/537.36 (KHTML, like Gecko) HeadlessChrome/106.0.5249.30 Safari/537.36" digitacetechsolutions.com 103.53.42.63
168.151.98.14 - - [10/Jul/2024:23:20:29 +0530] "GET /js/swiper-bundle.min.js HTTP/2.0" 200 58543 "https://digitacetechsolutions.com/cookie-policy" "Mozilla/5.0 (X11; Linux x86_64) AppleWebKit/537.36 (KHTML, like Gecko) HeadlessChrome/106.0.5249.30 Safari/537.36" digitacetechsolutions.com 103.53.42.63
168.151.98.14 - - [10/Jul/2024:23:20:29 +0530] "GET /js/jquery.counterup.min.js HTTP/2.0" 200 574 "https://digitacetechsolutions.com/cookie-policy" "Mozilla/5.0 (X11; Linux x86_64) AppleWebKit/537.36 (KHTML, like Gecko) HeadlessChrome/106.0.5249.30 Safari/537.36" digitacetechsolutions.com 103.53.42.63
168.151.124.243 - - [10/Jul/2024:23:20:28 +0530] "GET /contact.php HTTP/2.0" 409 83 "-" "Mozilla/5.0 (X11; Linux x86_64) AppleWebKit/537.36 (KHTML, like Gecko) HeadlessChrome/106.0.5249.30 Safari/537.36" digitacetechsolutions.com 103.53.42.63
213.188.65.138 - - [10/Jul/2024:23:20:29 +0530] "GET /js/swiper-bundle.min.js HTTP/2.0" 200 58543 "https://digitacetechsolutions.com/career" "Mozilla/5.0 (X11; Linux x86_64) AppleWebKit/537.36 (KHTML, like Gecko) HeadlessChrome/106.0.5249.30 Safari/537.36" digitacetechsolutions.com 103.53.42.63
213.188.65.138 - - [10/Jul/2024:23:20:29 +0530] "GET /js/jquery.counterup.min.js HTTP/2.0" 200 574 "https://digitacetechsolutions.com/career" "Mozilla/5.0 (X11; Linux x86_64) AppleWebKit/537.36 (KHTML, like Gecko) HeadlessChrome/106.0.5249.30 Safari/537.36" digitacetechsolutions.com 103.53.42.63
213.188.65.138 - - [10/Jul/2024:23:20:30 +0530] "GET /js/parallaxie.js HTTP/2.0" 200 690 "https://digitacetechsolutions.com/career" "Mozilla/5.0 (X11; Linux x86_64) AppleWebKit/537.36 (KHTML, like Gecko) HeadlessChrome/106.0.5249.30 Safari/537.36" digitacetechsolutions.com 103.53.42.63
213.188.65.138 - - [10/Jul/2024:23:20:30 +0530] "GET /js/SmoothScroll.js HTTP/2.0" 200 8264 "https://digitacetechsolutions.com/career" "Mozilla/5.0 (X11; Linux x86_64) AppleWebKit/537.36 (KHTML, like Gecko) HeadlessChrome/106.0.5249.30 Safari/537.36" digitacetechsolutions.com 103.53.42.63
213.188.65.138 - - [10/Jul/2024:23:20:30 +0530] "GET /js/wow.js HTTP/2.0" 200 4507 "https://digitacetechsolutions.com/career" "Mozilla/5.0 (X11; Linux x86_64) AppleWebKit/537.36 (KHTML, like Gecko) HeadlessChrome/106.0.5249.30 Safari/537.36" digitacetechsolutions.com 103.53.42.63
213.188.65.138 - - [10/Jul/2024:23:20:30 +0530] "GET /js/function.js HTTP/2.0" 200 2651 "https://digitacetechsolutions.com/career" "Mozilla/5.0 (X11; Linux x86_64) AppleWebKit/537.36 (KHTML, like Gecko) HeadlessChrome/106.0.5249.30 Safari/537.36" digitacetechsolutions.com 103.53.42.63
213.188.65.138 - - [10/Jul/2024:23:20:30 +0530] "GET /js/ScrollTrigger.min.js HTTP/2.0" 200 8243 "https://digitacetechsolutions.com/career" "Mozilla/5.0 (X11; Linux x86_64) AppleWebKit/537.36 (KHTML, like Gecko) HeadlessChrome/106.0.5249.30 Safari/537.36" digitacetechsolutions.com 103.53.42.63
168.151.114.26 - - [10/Jul/2024:23:20:30 +0530] "GET /js/jquery-3.7.1.min.js HTTP/2.0" 200 38339 "https://digitacetechsolutions.com/about" "Mozilla/5.0 (X11; Linux x86_64) AppleWebKit/537.36 (KHTML, like Gecko) HeadlessChrome/106.0.5249.30 Safari/537.36" digitacetechsolutions.com 103.53.42.63
168.151.114.26 - - [10/Jul/2024:23:20:30 +0530] "GET /js/swiper-bundle.min.js HTTP/2.0" 200 58543 "https://digitacetechsolutions.com/about" "Mozilla/5.0 (X11; Linux x86_64) AppleWebKit/537.36 (KHTML, like Gecko) HeadlessChrome/106.0.5249.30 Safari/537.36" digitacetechsolutions.com 103.53.42.63
168.151.114.26 - - [10/Jul/2024:23:20:30 +0530] "GET /js/parallaxie.js HTTP/2.0" 200 690 "https://digitacetechsolutions.com/about" "Mozilla/5.0 (X11; Linux x86_64) AppleWebKit/537.36 (KHTML, like Gecko) HeadlessChrome/106.0.5249.30 Safari/537.36" digitacetechsolutions.com 103.53.42.63
168.151.114.26 - - [10/Jul/2024:23:20:30 +0530] "GET /js/SplitText.js HTTP/2.0" 200 6157 "https://digitacetechsolutions.com/about" "Mozilla/5.0 (X11; Linux x86_64) AppleWebKit/537.36 (KHTML, like Gecko) HeadlessChrome/106.0.5249.30 Safari/537.36" digitacetechsolutions.com 103.53.42.63
168.151.114.26 - - [10/Jul/2024:23:20:30 +0530] "GET /js/function.js HTTP/2.0" 200 2651 "https://digitacetechsolutions.com/about" "Mozilla/5.0 (X11; Linux x86_64) AppleWebKit/537.36 (KHTML, like Gecko) HeadlessChrome/106.0.5249.30 Safari/537.36" digitacetechsolutions.com 103.53.42.63
168.151.114.26 - - [10/Jul/2024:23:20:30 +0530] "GET /js/SmoothScroll.js HTTP/2.0" 200 8264 "https://digitacetechsolutions.com/about" "Mozilla/5.0 (X11; Linux x86_64) AppleWebKit/537.36 (KHTML, like Gecko) HeadlessChrome/106.0.5249.30 Safari/537.36" digitacetechsolutions.com 103.53.42.63
168.151.114.26 - - [10/Jul/2024:23:20:30 +0530] "GET /js/isotope.min.js HTTP/2.0" 200 13113 "https://digitacetechsolutions.com/about" "Mozilla/5.0 (X11; Linux x86_64) AppleWebKit/537.36 (KHTML, like Gecko) HeadlessChrome/106.0.5249.30 Safari/537.36" digitacetechsolutions.com 103.53.42.63
216.19.202.91 - - [10/Jul/2024:23:20:29 +0530] "GET /js/swiper-bundle.min.js HTTP/2.0" 200 58543 "https://digitacetechsolutions.com/case-study" "Mozilla/5.0 (X11; Linux x86_64) AppleWebKit/537.36 (KHTML, like Gecko) HeadlessChrome/106.0.5249.30 Safari/537.36" digitacetechsolutions.com 103.53.42.63
216.19.202.91 - - [10/Jul/2024:23:20:29 +0530] "GET /js/jquery.counterup.min.js HTTP/2.0" 200 574 "https://digitacetechsolutions.com/case-study" "Mozilla/5.0 (X11; Linux x86_64) AppleWebKit/537.36 (KHTML, like Gecko) HeadlessChrome/106.0.5249.30 Safari/537.36" digitacetechsolutions.com 103.53.42.63
216.19.202.91 - - [10/Jul/2024:23:20:29 +0530] "GET /js/isotope.min.js HTTP/2.0" 200 13113 "https://digitacetechsolutions.com/case-study" "Mozilla/5.0 (X11; Linux x86_64) AppleWebKit/537.36 (KHTML, like Gecko) HeadlessChrome/106.0.5249.30 Safari/537.36" digitacetechsolutions.com 103.53.42.63
216.19.202.91 - - [10/Jul/2024:23:20:29 +0530] "GET /js/SmoothScroll.js HTTP/2.0" 200 8264 "https://digitacetechsolutions.com/case-study" "Mozilla/5.0 (X11; Linux x86_64) AppleWebKit/537.36 (KHTML, like Gecko) HeadlessChrome/106.0.5249.30 Safari/537.36" digitacetechsolutions.com 103.53.42.63
216.19.202.91 - - [10/Jul/2024:23:20:29 +0530] "GET /js/parallaxie.js HTTP/2.0" 200 690 "https://digitacetechsolutions.com/case-study" "Mozilla/5.0 (X11; Linux x86_64) AppleWebKit/537.36 (KHTML, like Gecko) HeadlessChrome/106.0.5249.30 Safari/537.36" digitacetechsolutions.com 103.53.42.63
216.19.202.91 - - [10/Jul/2024:23:20:30 +0530] "GET /js/wow.js HTTP/2.0" 200 4507 "https://digitacetechsolutions.com/case-study" "Mozilla/5.0 (X11; Linux x86_64) AppleWebKit/537.36 (KHTML, like Gecko) HeadlessChrome/106.0.5249.30 Safari/537.36" digitacetechsolutions.com 103.53.42.63
78.138.47.176 - - [10/Jul/2024:23:20:30 +0530] "GET /js/gsap.min.js HTTP/2.0" 200 29355 "https://digitacetechsolutions.com/term-of-service" "Mozilla/5.0 (X11; Linux x86_64) AppleWebKit/537.36 (KHTML, like Gecko) HeadlessChrome/106.0.5249.30 Safari/537.36" digitacetechsolutions.com 103.53.42.63
78.138.47.176 - - [10/Jul/2024:23:20:30 +0530] "GET /js/SplitText.js HTTP/2.0" 200 6157 "https://digitacetechsolutions.com/term-of-service" "Mozilla/5.0 (X11; Linux x86_64) AppleWebKit/537.36 (KHTML, like Gecko) HeadlessChrome/106.0.5249.30 Safari/537.36" digitacetechsolutions.com 103.53.42.63
78.138.47.176 - - [10/Jul/2024:23:20:30 +0530] "GET /js/ScrollTrigger.min.js HTTP/2.0" 200 8243 "https://digitacetechsolutions.com/term-of-service" "Mozilla/5.0 (X11; Linux x86_64) AppleWebKit/537.36 (KHTML, like Gecko) HeadlessChrome/106.0.5249.30 Safari/537.36" digitacetechsolutions.com 103.53.42.63
78.138.47.176 - - [10/Jul/2024:23:20:30 +0530] "GET /js/wow.js HTTP/2.0" 200 4507 "https://digitacetechsolutions.com/term-of-service" "Mozilla/5.0 (X11; Linux x86_64) AppleWebKit/537.36 (KHTML, like Gecko) HeadlessChrome/106.0.5249.30 Safari/537.36" digitacetechsolutions.com 103.53.42.63
78.138.47.176 - - [10/Jul/2024:23:20:30 +0530] "GET /js/function.js HTTP/2.0" 200 2651 "https://digitacetechsolutions.com/term-of-service" "Mozilla/5.0 (X11; Linux x86_64) AppleWebKit/537.36 (KHTML, like Gecko) HeadlessChrome/106.0.5249.30 Safari/537.36" digitacetechsolutions.com 103.53.42.63
168.151.114.26 - - [10/Jul/2024:23:20:30 +0530] "GET /js/gsap.min.js HTTP/2.0" 200 29355 "https://digitacetechsolutions.com/about" "Mozilla/5.0 (X11; Linux x86_64) AppleWebKit/537.36 (KHTML, like Gecko) HeadlessChrome/106.0.5249.30 Safari/537.36" digitacetechsolutions.com 103.53.42.63
168.151.114.26 - - [10/Jul/2024:23:20:30 +0530] "GET /js/ScrollTrigger.min.js HTTP/2.0" 200 8243 "https://digitacetechsolutions.com/about" "Mozilla/5.0 (X11; Linux x86_64) AppleWebKit/537.36 (KHTML, like Gecko) HeadlessChrome/106.0.5249.30 Safari/537.36" digitacetechsolutions.com 103.53.42.63
168.151.114.26 - - [10/Jul/2024:23:20:30 +0530] "GET /js/wow.js HTTP/2.0" 200 4507 "https://digitacetechsolutions.com/about" "Mozilla/5.0 (X11; Linux x86_64) AppleWebKit/537.36 (KHTML, like Gecko) HeadlessChrome/106.0.5249.30 Safari/537.36" digitacetechsolutions.com 103.53.42.63
119.13.203.152 - - [10/Jul/2024:23:20:30 +0530] "GET /js/jquery-3.7.1.min.js HTTP/2.0" 200 38339 "https://digitacetechsolutions.com/index" "Mozilla/5.0 (X11; Linux x86_64) AppleWebKit/537.36 (KHTML, like Gecko) HeadlessChrome/106.0.5249.30 Safari/537.36" digitacetechsolutions.com 103.53.42.63
119.13.203.152 - - [10/Jul/2024:23:20:30 +0530] "GET /js/bootstrap.min.js HTTP/2.0" 200 24274 "https://digitacetechsolutions.com/index" "Mozilla/5.0 (X11; Linux x86_64) AppleWebKit/537.36 (KHTML, like Gecko) HeadlessChrome/106.0.5249.30 Safari/537.36" digitacetechsolutions.com 103.53.42.63
119.13.203.152 - - [10/Jul/2024:23:20:30 +0530] "GET /js/validator.min.js HTTP/2.0" 200 2936 "https://digitacetechsolutions.com/index" "Mozilla/5.0 (X11; Linux x86_64) AppleWebKit/537.36 (KHTML, like Gecko) HeadlessChrome/106.0.5249.30 Safari/537.36" digitacetechsolutions.com 103.53.42.63
119.13.203.152 - - [10/Jul/2024:23:20:30 +0530] "GET /js/jquery.slicknav.js HTTP/2.0" 200 5813 "https://digitacetechsolutions.com/index" "Mozilla/5.0 (X11; Linux x86_64) AppleWebKit/537.36 (KHTML, like Gecko) HeadlessChrome/106.0.5249.30 Safari/537.36" digitacetechsolutions.com 103.53.42.63
168.151.172.152 - - [10/Jul/2024:23:20:30 +0530] "GET /js/jquery-3.7.1.min.js HTTP/2.0" 200 38339 "https://digitacetechsolutions.com/services" "Mozilla/5.0 (X11; Linux x86_64) AppleWebKit/537.36 (KHTML, like Gecko) HeadlessChrome/106.0.5249.30 Safari/537.36" digitacetechsolutions.com 103.53.42.63
168.151.172.152 - - [10/Jul/2024:23:20:30 +0530] "GET /js/bootstrap.min.js HTTP/2.0" 200 24274 "https://digitacetechsolutions.com/services" "Mozilla/5.0 (X11; Linux x86_64) AppleWebKit/537.36 (KHTML, like Gecko) HeadlessChrome/106.0.5249.30 Safari/537.36" digitacetechsolutions.com 103.53.42.63
168.151.172.152 - - [10/Jul/2024:23:20:30 +0530] "GET /js/validator.min.js HTTP/2.0" 200 2936 "https://digitacetechsolutions.com/services" "Mozilla/5.0 (X11; Linux x86_64) AppleWebKit/537.36 (KHTML, like Gecko) HeadlessChrome/106.0.5249.30 Safari/537.36" digitacetechsolutions.com 103.53.42.63
168.151.172.152 - - [10/Jul/2024:23:20:30 +0530] "GET /js/jquery.waypoints.min.js HTTP/2.0" 200 3216 "https://digitacetechsolutions.com/services" "Mozilla/5.0 (X11; Linux x86_64) AppleWebKit/537.36 (KHTML, like Gecko) HeadlessChrome/106.0.5249.30 Safari/537.36" digitacetechsolutions.com 103.53.42.63
168.151.124.243 - - [10/Jul/2024:23:20:30 +0530] "GET /contact.php HTTP/1.1" 302 225 "https://digitacetechsolutions.com/contact.php" "Mozilla/5.0 (X11; Linux x86_64) AppleWebKit/537.36 (KHTML, like Gecko) HeadlessChrome/106.0.5249.30 Safari/537.36" digitacetechsolutions.com 103.53.42.63
168.151.172.152 - - [10/Jul/2024:23:20:30 +0530] "GET /js/jquery.counterup.min.js HTTP/2.0" 200 574 "https://digitacetechsolutions.com/services" "Mozilla/5.0 (X11; Linux x86_64) AppleWebKit/537.36 (KHTML, like Gecko) HeadlessChrome/106.0.5249.30 Safari/537.36" digitacetechsolutions.com 103.53.42.63
180.149.9.211 - - [10/Jul/2024:23:20:30 +0530] "GET /js/jquery.counterup.min.js HTTP/2.0" 200 574 "https://digitacetechsolutions.com/portfolio" "Mozilla/5.0 (X11; Linux x86_64) AppleWebKit/537.36 (KHTML, like Gecko) HeadlessChrome/106.0.5249.30 Safari/537.36" digitacetechsolutions.com 103.53.42.63
180.149.9.211 - - [10/Jul/2024:23:20:30 +0530] "GET /js/swiper-bundle.min.js HTTP/2.0" 200 58543 "https://digitacetechsolutions.com/portfolio" "Mozilla/5.0 (X11; Linux x86_64) AppleWebKit/537.36 (KHTML, like Gecko) HeadlessChrome/106.0.5249.30 Safari/537.36" digitacetechsolutions.com 103.53.42.63
180.149.9.211 - - [10/Jul/2024:23:20:30 +0530] "GET /js/isotope.min.js HTTP/2.0" 200 13113 "https://digitacetechsolutions.com/portfolio" "Mozilla/5.0 (X11; Linux x86_64) AppleWebKit/537.36 (KHTML, like Gecko) HeadlessChrome/106.0.5249.30 Safari/537.36" digitacetechsolutions.com 103.53.42.63
168.151.124.243 - - [10/Jul/2024:23:20:30 +0530] "GET /contact.php HTTP/2.0" 302 225 "https://digitacetechsolutions.com/contact.php" "Mozilla/5.0 (X11; Linux x86_64) AppleWebKit/537.36 (KHTML, like Gecko) HeadlessChrome/106.0.5249.30 Safari/537.36" digitacetechsolutions.com 103.53.42.63
168.151.98.14 - - [10/Jul/2024:23:20:30 +0530] "GET /js/SmoothScroll.js HTTP/2.0" 200 8264 "https://digitacetechsolutions.com/cookie-policy" "Mozilla/5.0 (X11; Linux x86_64) AppleWebKit/537.36 (KHTML, like Gecko) HeadlessChrome/106.0.5249.30 Safari/537.36" digitacetechsolutions.com 103.53.42.63
168.151.98.14 - - [10/Jul/2024:23:20:30 +0530] "GET /js/parallaxie.js HTTP/2.0" 200 690 "https://digitacetechsolutions.com/cookie-policy" "Mozilla/5.0 (X11; Linux x86_64) AppleWebKit/537.36 (KHTML, like Gecko) HeadlessChrome/106.0.5249.30 Safari/537.36" digitacetechsolutions.com 103.53.42.63
168.151.98.14 - - [10/Jul/2024:23:20:30 +0530] "GET /js/SplitText.js HTTP/2.0" 200 6157 "https://digitacetechsolutions.com/cookie-policy" "Mozilla/5.0 (X11; Linux x86_64) AppleWebKit/537.36 (KHTML, like Gecko) HeadlessChrome/106.0.5249.30 Safari/537.36" digitacetechsolutions.com 103.53.42.63
168.151.98.14 - - [10/Jul/2024:23:20:30 +0530] "GET /js/ScrollTrigger.min.js HTTP/2.0" 200 8243 "https://digitacetechsolutions.com/cookie-policy" "Mozilla/5.0 (X11; Linux x86_64) AppleWebKit/537.36 (KHTML, like Gecko) HeadlessChrome/106.0.5249.30 Safari/537.36" digitacetechsolutions.com 103.53.42.63
168.151.98.14 - - [10/Jul/2024:23:20:30 +0530] "GET /js/wow.js HTTP/2.0" 200 4507 "https://digitacetechsolutions.com/cookie-policy" "Mozilla/5.0 (X11; Linux x86_64) AppleWebKit/537.36 (KHTML, like Gecko) HeadlessChrome/106.0.5249.30 Safari/537.36" digitacetechsolutions.com 103.53.42.63
168.151.98.14 - - [10/Jul/2024:23:20:30 +0530] "GET /js/function.js HTTP/2.0" 200 2651 "https://digitacetechsolutions.com/cookie-policy" "Mozilla/5.0 (X11; Linux x86_64) AppleWebKit/537.36 (KHTML, like Gecko) HeadlessChrome/106.0.5249.30 Safari/537.36" digitacetechsolutions.com 103.53.42.63
180.149.9.211 - - [10/Jul/2024:23:20:30 +0530] "GET /js/parallaxie.js HTTP/2.0" 200 690 "https://digitacetechsolutions.com/portfolio" "Mozilla/5.0 (X11; Linux x86_64) AppleWebKit/537.36 (KHTML, like Gecko) HeadlessChrome/106.0.5249.30 Safari/537.36" digitacetechsolutions.com 103.53.42.63
168.151.98.14 - - [10/Jul/2024:23:20:30 +0530] "GET /js/isotope.min.js HTTP/2.0" 200 13113 "https://digitacetechsolutions.com/cookie-policy" "Mozilla/5.0 (X11; Linux x86_64) AppleWebKit/537.36 (KHTML, like Gecko) HeadlessChrome/106.0.5249.30 Safari/537.36" digitacetechsolutions.com 103.53.42.63
168.151.98.14 - - [10/Jul/2024:23:20:30 +0530] "GET /js/gsap.min.js HTTP/2.0" 200 29355 "https://digitacetechsolutions.com/cookie-policy" "Mozilla/5.0 (X11; Linux x86_64) AppleWebKit/537.36 (KHTML, like Gecko) HeadlessChrome/106.0.5249.30 Safari/537.36" digitacetechsolutions.com 103.53.42.63
180.149.9.211 - - [10/Jul/2024:23:20:30 +0530] "GET /js/function.js HTTP/2.0" 200 2651 "https://digitacetechsolutions.com/portfolio" "Mozilla/5.0 (X11; Linux x86_64) AppleWebKit/537.36 (KHTML, like Gecko) HeadlessChrome/106.0.5249.30 Safari/537.36" digitacetechsolutions.com 103.53.42.63
180.149.9.211 - - [10/Jul/2024:23:20:30 +0530] "GET /js/wow.js HTTP/2.0" 200 4507 "https://digitacetechsolutions.com/portfolio" "Mozilla/5.0 (X11; Linux x86_64) AppleWebKit/537.36 (KHTML, like Gecko) HeadlessChrome/106.0.5249.30 Safari/537.36" digitacetechsolutions.com 103.53.42.63
213.188.65.138 - - [10/Jul/2024:23:20:30 +0530] "GET /js/isotope.min.js HTTP/2.0" 200 13113 "https://digitacetechsolutions.com/career" "Mozilla/5.0 (X11; Linux x86_64) AppleWebKit/537.36 (KHTML, like Gecko) HeadlessChrome/106.0.5249.30 Safari/537.36" digitacetechsolutions.com 103.53.42.63
213.188.65.138 - - [10/Jul/2024:23:20:30 +0530] "GET /js/gsap.min.js HTTP/2.0" 200 29355 "https://digitacetechsolutions.com/career" "Mozilla/5.0 (X11; Linux x86_64) AppleWebKit/537.36 (KHTML, like Gecko) HeadlessChrome/106.0.5249.30 Safari/537.36" digitacetechsolutions.com 103.53.42.63
213.188.65.138 - - [10/Jul/2024:23:20:30 +0530] "GET /js/SplitText.js HTTP/2.0" 200 6157 "https://digitacetechsolutions.com/career" "Mozilla/5.0 (X11; Linux x86_64) AppleWebKit/537.36 (KHTML, like Gecko) HeadlessChrome/106.0.5249.30 Safari/537.36" digitacetechsolutions.com 103.53.42.63
168.151.114.26 - - [10/Jul/2024:23:20:30 +0530] "GET /js/magiccursor.js HTTP/2.0" 200 194658 "https://digitacetechsolutions.com/about" "Mozilla/5.0 (X11; Linux x86_64) AppleWebKit/537.36 (KHTML, like Gecko) HeadlessChrome/106.0.5249.30 Safari/537.36" digitacetechsolutions.com 103.53.42.63
78.138.47.176 - - [10/Jul/2024:23:20:30 +0530] "GET /js/magiccursor.js HTTP/2.0" 200 194658 "https://digitacetechsolutions.com/term-of-service" "Mozilla/5.0 (X11; Linux x86_64) AppleWebKit/537.36 (KHTML, like Gecko) HeadlessChrome/106.0.5249.30 Safari/537.36" digitacetechsolutions.com 103.53.42.63
119.13.203.152 - - [10/Jul/2024:23:20:30 +0530] "GET /js/swiper-bundle.min.js HTTP/2.0" 200 58543 "https://digitacetechsolutions.com/index" "Mozilla/5.0 (X11; Linux x86_64) AppleWebKit/537.36 (KHTML, like Gecko) HeadlessChrome/106.0.5249.30 Safari/537.36" digitacetechsolutions.com 103.53.42.63
119.13.203.152 - - [10/Jul/2024:23:20:30 +0530] "GET /js/jquery.waypoints.min.js HTTP/2.0" 200 3216 "https://digitacetechsolutions.com/index" "Mozilla/5.0 (X11; Linux x86_64) AppleWebKit/537.36 (KHTML, like Gecko) HeadlessChrome/106.0.5249.30 Safari/537.36" digitacetechsolutions.com 103.53.42.63
119.13.203.152 - - [10/Jul/2024:23:20:30 +0530] "GET /js/isotope.min.js HTTP/2.0" 200 13113 "https://digitacetechsolutions.com/index" "Mozilla/5.0 (X11; Linux x86_64) AppleWebKit/537.36 (KHTML, like Gecko) HeadlessChrome/106.0.5249.30 Safari/537.36" digitacetechsolutions.com 103.53.42.63
119.13.203.152 - - [10/Jul/2024:23:20:30 +0530] "GET /js/SmoothScroll.js HTTP/2.0" 200 8264 "https://digitacetechsolutions.com/index" "Mozilla/5.0 (X11; Linux x86_64) AppleWebKit/537.36 (KHTML, like Gecko) HeadlessChrome/106.0.5249.30 Safari/537.36" digitacetechsolutions.com 103.53.42.63
119.13.203.152 - - [10/Jul/2024:23:20:30 +0530] "GET /js/wow.js HTTP/2.0" 200 4507 "https://digitacetechsolutions.com/index" "Mozilla/5.0 (X11; Linux x86_64) AppleWebKit/537.36 (KHTML, like Gecko) HeadlessChrome/106.0.5249.30 Safari/537.36" digitacetechsolutions.com 103.53.42.63
119.13.203.152 - - [10/Jul/2024:23:20:30 +0530] "GET /js/SplitText.js HTTP/2.0" 200 6157 "https://digitacetechsolutions.com/index" "Mozilla/5.0 (X11; Linux x86_64) AppleWebKit/537.36 (KHTML, like Gecko) HeadlessChrome/106.0.5249.30 Safari/537.36" digitacetechsolutions.com 103.53.42.63
119.13.203.152 - - [10/Jul/2024:23:20:30 +0530] "GET /js/jquery.counterup.min.js HTTP/2.0" 200 574 "https://digitacetechsolutions.com/index" "Mozilla/5.0 (X11; Linux x86_64) AppleWebKit/537.36 (KHTML, like Gecko) HeadlessChrome/106.0.5249.30 Safari/537.36" digitacetechsolutions.com 103.53.42.63
119.13.203.152 - - [10/Jul/2024:23:20:30 +0530] "GET /js/parallaxie.js HTTP/2.0" 200 690 "https://digitacetechsolutions.com/index" "Mozilla/5.0 (X11; Linux x86_64) AppleWebKit/537.36 (KHTML, like Gecko) HeadlessChrome/106.0.5249.30 Safari/537.36" digitacetechsolutions.com 103.53.42.63
119.13.203.152 - - [10/Jul/2024:23:20:30 +0530] "GET /js/function.js HTTP/2.0" 200 2651 "https://digitacetechsolutions.com/index" "Mozilla/5.0 (X11; Linux x86_64) AppleWebKit/537.36 (KHTML, like Gecko) HeadlessChrome/106.0.5249.30 Safari/537.36" digitacetechsolutions.com 103.53.42.63
119.13.203.152 - - [10/Jul/2024:23:20:30 +0530] "GET /js/ScrollTrigger.min.js HTTP/2.0" 200 8243 "https://digitacetechsolutions.com/index" "Mozilla/5.0 (X11; Linux x86_64) AppleWebKit/537.36 (KHTML, like Gecko) HeadlessChrome/106.0.5249.30 Safari/537.36" digitacetechsolutions.com 103.53.42.63
119.13.203.152 - - [10/Jul/2024:23:20:30 +0530] "GET /js/gsap.min.js HTTP/2.0" 200 29355 "https://digitacetechsolutions.com/index" "Mozilla/5.0 (X11; Linux x86_64) AppleWebKit/537.36 (KHTML, like Gecko) HeadlessChrome/106.0.5249.30 Safari/537.36" digitacetechsolutions.com 103.53.42.63
168.151.124.243 - - [10/Jul/2024:23:20:30 +0530] "GET /contact HTTP/1.1" 200 5789 "https://digitacetechsolutions.com/contact.php" "Mozilla/5.0 (X11; Linux x86_64) AppleWebKit/537.36 (KHTML, like Gecko) HeadlessChrome/106.0.5249.30 Safari/537.36" digitacetechsolutions.com 103.53.42.63
168.151.124.243 - - [10/Jul/2024:23:20:30 +0530] "GET /contact HTTP/2.0" 200 5789 "https://digitacetechsolutions.com/contact.php" "Mozilla/5.0 (X11; Linux x86_64) AppleWebKit/537.36 (KHTML, like Gecko) HeadlessChrome/106.0.5249.30 Safari/537.36" digitacetechsolutions.com 103.53.42.63
216.19.202.91 - - [10/Jul/2024:23:20:30 +0530] "GET /js/ScrollTrigger.min.js HTTP/2.0" 200 8243 "https://digitacetechsolutions.com/case-study" "Mozilla/5.0 (X11; Linux x86_64) AppleWebKit/537.36 (KHTML, like Gecko) HeadlessChrome/106.0.5249.30 Safari/537.36" digitacetechsolutions.com 103.53.42.63
216.19.202.91 - - [10/Jul/2024:23:20:30 +0530] "GET /js/function.js HTTP/2.0" 200 2651 "https://digitacetechsolutions.com/case-study" "Mozilla/5.0 (X11; Linux x86_64) AppleWebKit/537.36 (KHTML, like Gecko) HeadlessChrome/106.0.5249.30 Safari/537.36" digitacetechsolutions.com 103.53.42.63
216.19.202.91 - - [10/Jul/2024:23:20:30 +0530] "GET /js/gsap.min.js HTTP/2.0" 200 29355 "https://digitacetechsolutions.com/case-study" "Mozilla/5.0 (X11; Linux x86_64) AppleWebKit/537.36 (KHTML, like Gecko) HeadlessChrome/106.0.5249.30 Safari/537.36" digitacetechsolutions.com 103.53.42.63
216.19.202.91 - - [10/Jul/2024:23:20:30 +0530] "GET /js/SplitText.js HTTP/2.0" 200 6157 "https://digitacetechsolutions.com/case-study" "Mozilla/5.0 (X11; Linux x86_64) AppleWebKit/537.36 (KHTML, like Gecko) HeadlessChrome/106.0.5249.30 Safari/537.36" digitacetechsolutions.com 103.53.42.63
168.151.98.14 - - [10/Jul/2024:23:20:30 +0530] "GET /js/magiccursor.js HTTP/2.0" 200 194658 "https://digitacetechsolutions.com/cookie-policy" "Mozilla/5.0 (X11; Linux x86_64) AppleWebKit/537.36 (KHTML, like Gecko) HeadlessChrome/106.0.5249.30 Safari/537.36" digitacetechsolutions.com 103.53.42.63
168.151.172.152 - - [10/Jul/2024:23:20:30 +0530] "GET /js/jquery.slicknav.js HTTP/2.0" 200 5813 "https://digitacetechsolutions.com/services" "Mozilla/5.0 (X11; Linux x86_64) AppleWebKit/537.36 (KHTML, like Gecko) HeadlessChrome/106.0.5249.30 Safari/537.36" digitacetechsolutions.com 103.53.42.63
168.151.172.152 - - [10/Jul/2024:23:20:30 +0530] "GET /js/swiper-bundle.min.js HTTP/2.0" 200 58543 "https://digitacetechsolutions.com/services" "Mozilla/5.0 (X11; Linux x86_64) AppleWebKit/537.36 (KHTML, like Gecko) HeadlessChrome/106.0.5249.30 Safari/537.36" digitacetechsolutions.com 103.53.42.63
168.151.172.152 - - [10/Jul/2024:23:20:30 +0530] "GET /js/parallaxie.js HTTP/2.0" 200 690 "https://digitacetechsolutions.com/services" "Mozilla/5.0 (X11; Linux x86_64) AppleWebKit/537.36 (KHTML, like Gecko) HeadlessChrome/106.0.5249.30 Safari/537.36" digitacetechsolutions.com 103.53.42.63
168.151.172.152 - - [10/Jul/2024:23:20:30 +0530] "GET /js/SmoothScroll.js HTTP/2.0" 200 8264 "https://digitacetechsolutions.com/services" "Mozilla/5.0 (X11; Linux x86_64) AppleWebKit/537.36 (KHTML, like Gecko) HeadlessChrome/106.0.5249.30 Safari/537.36" digitacetechsolutions.com 103.53.42.63
168.151.172.152 - - [10/Jul/2024:23:20:30 +0530] "GET /js/isotope.min.js HTTP/2.0" 200 13113 "https://digitacetechsolutions.com/services" "Mozilla/5.0 (X11; Linux x86_64) AppleWebKit/537.36 (KHTML, like Gecko) HeadlessChrome/106.0.5249.30 Safari/537.36" digitacetechsolutions.com 103.53.42.63
168.151.172.152 - - [10/Jul/2024:23:20:30 +0530] "GET /js/ScrollTrigger.min.js HTTP/2.0" 200 8243 "https://digitacetechsolutions.com/services" "Mozilla/5.0 (X11; Linux x86_64) AppleWebKit/537.36 (KHTML, like Gecko) HeadlessChrome/106.0.5249.30 Safari/537.36" digitacetechsolutions.com 103.53.42.63
168.151.172.152 - - [10/Jul/2024:23:20:30 +0530] "GET /js/function.js HTTP/2.0" 200 2651 "https://digitacetechsolutions.com/services" "Mozilla/5.0 (X11; Linux x86_64) AppleWebKit/537.36 (KHTML, like Gecko) HeadlessChrome/106.0.5249.30 Safari/537.36" digitacetechsolutions.com 103.53.42.63
168.151.172.152 - - [10/Jul/2024:23:20:30 +0530] "GET /js/gsap.min.js HTTP/2.0" 200 29355 "https://digitacetechsolutions.com/services" "Mozilla/5.0 (X11; Linux x86_64) AppleWebKit/537.36 (KHTML, like Gecko) HeadlessChrome/106.0.5249.30 Safari/537.36" digitacetechsolutions.com 103.53.42.63
168.151.172.152 - - [10/Jul/2024:23:20:30 +0530] "GET /js/wow.js HTTP/2.0" 200 4507 "https://digitacetechsolutions.com/services" "Mozilla/5.0 (X11; Linux x86_64) AppleWebKit/537.36 (KHTML, like Gecko) HeadlessChrome/106.0.5249.30 Safari/537.36" digitacetechsolutions.com 103.53.42.63
168.151.172.152 - - [10/Jul/2024:23:20:30 +0530] "GET /js/SplitText.js HTTP/2.0" 200 6157 "https://digitacetechsolutions.com/services" "Mozilla/5.0 (X11; Linux x86_64) AppleWebKit/537.36 (KHTML, like Gecko) HeadlessChrome/106.0.5249.30 Safari/537.36" digitacetechsolutions.com 103.53.42.63
161.129.171.35 - - [10/Jul/2024:23:20:30 +0530] "GET /privacy-policy HTTP/1.1" 200 4875 "-" "Mozilla/5.0 (X11; Linux x86_64) AppleWebKit/537.36 (KHTML, like Gecko) HeadlessChrome/106.0.5249.30 Safari/537.36" digitacetechsolutions.com 103.53.42.63
161.129.171.35 - - [10/Jul/2024:23:20:30 +0530] "GET /privacy-policy HTTP/2.0" 200 4875 "-" "Mozilla/5.0 (X11; Linux x86_64) AppleWebKit/537.36 (KHTML, like Gecko) HeadlessChrome/106.0.5249.30 Safari/537.36" digitacetechsolutions.com 103.53.42.63
213.188.65.138 - - [10/Jul/2024:23:20:30 +0530] "GET /js/magiccursor.js HTTP/2.0" 200 194658 "https://digitacetechsolutions.com/career" "Mozilla/5.0 (X11; Linux x86_64) AppleWebKit/537.36 (KHTML, like Gecko) HeadlessChrome/106.0.5249.30 Safari/537.36" digitacetechsolutions.com 103.53.42.63
180.149.9.211 - - [10/Jul/2024:23:20:30 +0530] "GET /js/ScrollTrigger.min.js HTTP/2.0" 200 8243 "https://digitacetechsolutions.com/portfolio" "Mozilla/5.0 (X11; Linux x86_64) AppleWebKit/537.36 (KHTML, like Gecko) HeadlessChrome/106.0.5249.30 Safari/537.36" digitacetechsolutions.com 103.53.42.63
180.149.9.211 - - [10/Jul/2024:23:20:30 +0530] "GET /js/SmoothScroll.js HTTP/2.0" 200 8264 "https://digitacetechsolutions.com/portfolio" "Mozilla/5.0 (X11; Linux x86_64) AppleWebKit/537.36 (KHTML, like Gecko) HeadlessChrome/106.0.5249.30 Safari/537.36" digitacetechsolutions.com 103.53.42.63
180.149.9.211 - - [10/Jul/2024:23:20:30 +0530] "GET /js/gsap.min.js HTTP/2.0" 200 29355 "https://digitacetechsolutions.com/portfolio" "Mozilla/5.0 (X11; Linux x86_64) AppleWebKit/537.36 (KHTML, like Gecko) HeadlessChrome/106.0.5249.30 Safari/537.36" digitacetechsolutions.com 103.53.42.63
180.149.9.211 - - [10/Jul/2024:23:20:30 +0530] "GET /js/SplitText.js HTTP/2.0" 200 6157 "https://digitacetechsolutions.com/portfolio" "Mozilla/5.0 (X11; Linux x86_64) AppleWebKit/537.36 (KHTML, like Gecko) HeadlessChrome/106.0.5249.30 Safari/537.36" digitacetechsolutions.com 103.53.42.63
119.13.203.152 - - [10/Jul/2024:23:20:30 +0530] "GET /js/magiccursor.js HTTP/2.0" 200 194658 "https://digitacetechsolutions.com/index" "Mozilla/5.0 (X11; Linux x86_64) AppleWebKit/537.36 (KHTML, like Gecko) HeadlessChrome/106.0.5249.30 Safari/537.36" digitacetechsolutions.com 103.53.42.63
168.151.124.243 - - [10/Jul/2024:23:20:31 +0530] "GET /js/jquery-3.7.1.min.js HTTP/2.0" 200 38339 "https://digitacetechsolutions.com/contact" "Mozilla/5.0 (X11; Linux x86_64) AppleWebKit/537.36 (KHTML, like Gecko) HeadlessChrome/106.0.5249.30 Safari/537.36" digitacetechsolutions.com 103.53.42.63
168.151.124.243 - - [10/Jul/2024:23:20:31 +0530] "GET /js/bootstrap.min.js HTTP/2.0" 200 24274 "https://digitacetechsolutions.com/contact" "Mozilla/5.0 (X11; Linux x86_64) AppleWebKit/537.36 (KHTML, like Gecko) HeadlessChrome/106.0.5249.30 Safari/537.36" digitacetechsolutions.com 103.53.42.63
168.151.124.243 - - [10/Jul/2024:23:20:31 +0530] "GET /js/validator.min.js HTTP/2.0" 200 2936 "https://digitacetechsolutions.com/contact" "Mozilla/5.0 (X11; Linux x86_64) AppleWebKit/537.36 (KHTML, like Gecko) HeadlessChrome/106.0.5249.30 Safari/537.36" digitacetechsolutions.com 103.53.42.63
168.151.124.243 - - [10/Jul/2024:23:20:31 +0530] "GET /js/jquery.slicknav.js HTTP/2.0" 200 5813 "https://digitacetechsolutions.com/contact" "Mozilla/5.0 (X11; Linux x86_64) AppleWebKit/537.36 (KHTML, like Gecko) HeadlessChrome/106.0.5249.30 Safari/537.36" digitacetechsolutions.com 103.53.42.63
168.151.172.152 - - [10/Jul/2024:23:20:30 +0530] "GET /js/magiccursor.js HTTP/2.0" 200 194658 "https://digitacetechsolutions.com/services" "Mozilla/5.0 (X11; Linux x86_64) AppleWebKit/537.36 (KHTML, like Gecko) HeadlessChrome/106.0.5249.30 Safari/537.36" digitacetechsolutions.com 103.53.42.63
216.19.202.91 - - [10/Jul/2024:23:20:30 +0530] "GET /js/magiccursor.js HTTP/2.0" 200 194658 "https://digitacetechsolutions.com/case-study" "Mozilla/5.0 (X11; Linux x86_64) AppleWebKit/537.36 (KHTML, like Gecko) HeadlessChrome/106.0.5249.30 Safari/537.36" digitacetechsolutions.com 103.53.42.63
168.151.124.243 - - [10/Jul/2024:23:20:31 +0530] "GET /js/swiper-bundle.min.js HTTP/2.0" 200 58543 "https://digitacetechsolutions.com/contact" "Mozilla/5.0 (X11; Linux x86_64) AppleWebKit/537.36 (KHTML, like Gecko) HeadlessChrome/106.0.5249.30 Safari/537.36" digitacetechsolutions.com 103.53.42.63
168.151.124.243 - - [10/Jul/2024:23:20:31 +0530] "GET /js/jquery.waypoints.min.js HTTP/2.0" 200 3216 "https://digitacetechsolutions.com/contact" "Mozilla/5.0 (X11; Linux x86_64) AppleWebKit/537.36 (KHTML, like Gecko) HeadlessChrome/106.0.5249.30 Safari/537.36" digitacetechsolutions.com 103.53.42.63
168.151.124.243 - - [10/Jul/2024:23:20:31 +0530] "GET /js/isotope.min.js HTTP/2.0" 200 13113 "https://digitacetechsolutions.com/contact" "Mozilla/5.0 (X11; Linux x86_64) AppleWebKit/537.36 (KHTML, like Gecko) HeadlessChrome/106.0.5249.30 Safari/537.36" digitacetechsolutions.com 103.53.42.63
168.151.124.243 - - [10/Jul/2024:23:20:31 +0530] "GET /js/jquery.counterup.min.js HTTP/2.0" 200 574 "https://digitacetechsolutions.com/contact" "Mozilla/5.0 (X11; Linux x86_64) AppleWebKit/537.36 (KHTML, like Gecko) HeadlessChrome/106.0.5249.30 Safari/537.36" digitacetechsolutions.com 103.53.42.63
168.151.124.243 - - [10/Jul/2024:23:20:31 +0530] "GET /js/SmoothScroll.js HTTP/2.0" 200 8264 "https://digitacetechsolutions.com/contact" "Mozilla/5.0 (X11; Linux x86_64) AppleWebKit/537.36 (KHTML, like Gecko) HeadlessChrome/106.0.5249.30 Safari/537.36" digitacetechsolutions.com 103.53.42.63
168.151.124.243 - - [10/Jul/2024:23:20:31 +0530] "GET /js/parallaxie.js HTTP/2.0" 200 690 "https://digitacetechsolutions.com/contact" "Mozilla/5.0 (X11; Linux x86_64) AppleWebKit/537.36 (KHTML, like Gecko) HeadlessChrome/106.0.5249.30 Safari/537.36" digitacetechsolutions.com 103.53.42.63
180.149.9.211 - - [10/Jul/2024:23:20:30 +0530] "GET /js/magiccursor.js HTTP/2.0" 200 194658 "https://digitacetechsolutions.com/portfolio" "Mozilla/5.0 (X11; Linux x86_64) AppleWebKit/537.36 (KHTML, like Gecko) HeadlessChrome/106.0.5249.30 Safari/537.36" digitacetechsolutions.com 103.53.42.63
168.151.124.243 - - [10/Jul/2024:23:20:31 +0530] "GET /js/gsap.min.js HTTP/2.0" 200 29355 "https://digitacetechsolutions.com/contact" "Mozilla/5.0 (X11; Linux x86_64) AppleWebKit/537.36 (KHTML, like Gecko) HeadlessChrome/106.0.5249.30 Safari/537.36" digitacetechsolutions.com 103.53.42.63
161.129.171.35 - - [10/Jul/2024:23:20:31 +0530] "GET /js/bootstrap.min.js HTTP/2.0" 200 24274 "https://digitacetechsolutions.com/privacy-policy" "Mozilla/5.0 (X11; Linux x86_64) AppleWebKit/537.36 (KHTML, like Gecko) HeadlessChrome/106.0.5249.30 Safari/537.36" digitacetechsolutions.com 103.53.42.63
161.129.171.35 - - [10/Jul/2024:23:20:31 +0530] "GET /js/validator.min.js HTTP/2.0" 200 2936 "https://digitacetechsolutions.com/privacy-policy" "Mozilla/5.0 (X11; Linux x86_64) AppleWebKit/537.36 (KHTML, like Gecko) HeadlessChrome/106.0.5249.30 Safari/537.36" digitacetechsolutions.com 103.53.42.63
161.129.171.35 - - [10/Jul/2024:23:20:31 +0530] "GET /js/jquery.slicknav.js HTTP/2.0" 200 5813 "https://digitacetechsolutions.com/privacy-policy" "Mozilla/5.0 (X11; Linux x86_64) AppleWebKit/537.36 (KHTML, like Gecko) HeadlessChrome/106.0.5249.30 Safari/537.36" digitacetechsolutions.com 103.53.42.63
168.151.124.243 - - [10/Jul/2024:23:20:31 +0530] "GET /js/SplitText.js HTTP/2.0" 200 6157 "https://digitacetechsolutions.com/contact" "Mozilla/5.0 (X11; Linux x86_64) AppleWebKit/537.36 (KHTML, like Gecko) HeadlessChrome/106.0.5249.30 Safari/537.36" digitacetechsolutions.com 103.53.42.63
168.151.124.243 - - [10/Jul/2024:23:20:31 +0530] "GET /js/ScrollTrigger.min.js HTTP/2.0" 200 8243 "https://digitacetechsolutions.com/contact" "Mozilla/5.0 (X11; Linux x86_64) AppleWebKit/537.36 (KHTML, like Gecko) HeadlessChrome/106.0.5249.30 Safari/537.36" digitacetechsolutions.com 103.53.42.63
168.151.124.243 - - [10/Jul/2024:23:20:31 +0530] "GET /js/wow.js HTTP/2.0" 200 4507 "https://digitacetechsolutions.com/contact" "Mozilla/5.0 (X11; Linux x86_64) AppleWebKit/537.36 (KHTML, like Gecko) HeadlessChrome/106.0.5249.30 Safari/537.36" digitacetechsolutions.com 103.53.42.63
168.151.124.243 - - [10/Jul/2024:23:20:31 +0530] "GET /js/function.js HTTP/2.0" 200 2651 "https://digitacetechsolutions.com/contact" "Mozilla/5.0 (X11; Linux x86_64) AppleWebKit/537.36 (KHTML, like Gecko) HeadlessChrome/106.0.5249.30 Safari/537.36" digitacetechsolutions.com 103.53.42.63
168.151.124.243 - - [10/Jul/2024:23:20:31 +0530] "GET /js/magiccursor.js HTTP/2.0" 200 194658 "https://digitacetechsolutions.com/contact" "Mozilla/5.0 (X11; Linux x86_64) AppleWebKit/537.36 (KHTML, like Gecko) HeadlessChrome/106.0.5249.30 Safari/537.36" digitacetechsolutions.com 103.53.42.63
161.129.171.35 - - [10/Jul/2024:23:20:31 +0530] "GET /js/jquery-3.7.1.min.js HTTP/2.0" 200 38339 "https://digitacetechsolutions.com/privacy-policy" "Mozilla/5.0 (X11; Linux x86_64) AppleWebKit/537.36 (KHTML, like Gecko) HeadlessChrome/106.0.5249.30 Safari/537.36" digitacetechsolutions.com 103.53.42.63
161.129.171.35 - - [10/Jul/2024:23:20:31 +0530] "GET /js/jquery.waypoints.min.js HTTP/2.0" 200 3216 "https://digitacetechsolutions.com/privacy-policy" "Mozilla/5.0 (X11; Linux x86_64) AppleWebKit/537.36 (KHTML, like Gecko) HeadlessChrome/106.0.5249.30 Safari/537.36" digitacetechsolutions.com 103.53.42.63
161.129.171.35 - - [10/Jul/2024:23:20:31 +0530] "GET /js/jquery.counterup.min.js HTTP/2.0" 200 574 "https://digitacetechsolutions.com/privacy-policy" "Mozilla/5.0 (X11; Linux x86_64) AppleWebKit/537.36 (KHTML, like Gecko) HeadlessChrome/106.0.5249.30 Safari/537.36" digitacetechsolutions.com 103.53.42.63
161.129.171.35 - - [10/Jul/2024:23:20:31 +0530] "GET /js/swiper-bundle.min.js HTTP/2.0" 200 58543 "https://digitacetechsolutions.com/privacy-policy" "Mozilla/5.0 (X11; Linux x86_64) AppleWebKit/537.36 (KHTML, like Gecko) HeadlessChrome/106.0.5249.30 Safari/537.36" digitacetechsolutions.com 103.53.42.63
161.129.171.35 - - [10/Jul/2024:23:20:31 +0530] "GET /js/isotope.min.js HTTP/2.0" 200 13113 "https://digitacetechsolutions.com/privacy-policy" "Mozilla/5.0 (X11; Linux x86_64) AppleWebKit/537.36 (KHTML, like Gecko) HeadlessChrome/106.0.5249.30 Safari/537.36" digitacetechsolutions.com 103.53.42.63
161.129.171.35 - - [10/Jul/2024:23:20:31 +0530] "GET /js/SmoothScroll.js HTTP/2.0" 200 8264 "https://digitacetechsolutions.com/privacy-policy" "Mozilla/5.0 (X11; Linux x86_64) AppleWebKit/537.36 (KHTML, like Gecko) HeadlessChrome/106.0.5249.30 Safari/537.36" digitacetechsolutions.com 103.53.42.63
161.129.171.35 - - [10/Jul/2024:23:20:31 +0530] "GET /js/function.js HTTP/2.0" 200 2651 "https://digitacetechsolutions.com/privacy-policy" "Mozilla/5.0 (X11; Linux x86_64) AppleWebKit/537.36 (KHTML, like Gecko) HeadlessChrome/106.0.5249.30 Safari/537.36" digitacetechsolutions.com 103.53.42.63
161.129.171.35 - - [10/Jul/2024:23:20:31 +0530] "GET /js/SplitText.js HTTP/2.0" 200 6157 "https://digitacetechsolutions.com/privacy-policy" "Mozilla/5.0 (X11; Linux x86_64) AppleWebKit/537.36 (KHTML, like Gecko) HeadlessChrome/106.0.5249.30 Safari/537.36" digitacetechsolutions.com 103.53.42.63
161.129.171.35 - - [10/Jul/2024:23:20:31 +0530] "GET /js/wow.js HTTP/2.0" 200 4507 "https://digitacetechsolutions.com/privacy-policy" "Mozilla/5.0 (X11; Linux x86_64) AppleWebKit/537.36 (KHTML, like Gecko) HeadlessChrome/106.0.5249.30 Safari/537.36" digitacetechsolutions.com 103.53.42.63
161.129.171.35 - - [10/Jul/2024:23:20:31 +0530] "GET /js/parallaxie.js HTTP/2.0" 200 690 "https://digitacetechsolutions.com/privacy-policy" "Mozilla/5.0 (X11; Linux x86_64) AppleWebKit/537.36 (KHTML, like Gecko) HeadlessChrome/106.0.5249.30 Safari/537.36" digitacetechsolutions.com 103.53.42.63
161.129.171.35 - - [10/Jul/2024:23:20:31 +0530] "GET /js/gsap.min.js HTTP/2.0" 200 29355 "https://digitacetechsolutions.com/privacy-policy" "Mozilla/5.0 (X11; Linux x86_64) AppleWebKit/537.36 (KHTML, like Gecko) HeadlessChrome/106.0.5249.30 Safari/537.36" digitacetechsolutions.com 103.53.42.63
161.129.171.35 - - [10/Jul/2024:23:20:31 +0530] "GET /js/ScrollTrigger.min.js HTTP/2.0" 200 8243 "https://digitacetechsolutions.com/privacy-policy" "Mozilla/5.0 (X11; Linux x86_64) AppleWebKit/537.36 (KHTML, like Gecko) HeadlessChrome/106.0.5249.30 Safari/537.36" digitacetechsolutions.com 103.53.42.63
161.129.171.35 - - [10/Jul/2024:23:20:31 +0530] "GET /js/magiccursor.js HTTP/2.0" 200 194658 "https://digitacetechsolutions.com/privacy-policy" "Mozilla/5.0 (X11; Linux x86_64) AppleWebKit/537.36 (KHTML, like Gecko) HeadlessChrome/106.0.5249.30 Safari/537.36" digitacetechsolutions.com 103.53.42.63
124.243.137.220 - - [10/Jul/2024:23:20:47 +0530] "GET /digital-marketing-company/ HTTP/1.1" 404 358 "-" "Mozilla/5.0 (Windows NT 10.0; Win64; x64) AppleWebKit/537.36 (KHTML, like Gecko) Chrome/101.0.4951.64 Safari/537.36 Edg/101.0.1210.47" www.digitacetechsolutions.com 103.53.42.63
124.243.137.220 - - [10/Jul/2024:23:20:47 +0530] "GET /digital-marketing-company/ HTTP/2.0" 404 358 "-" "Mozilla/5.0 (Windows NT 10.0; Win64; x64) AppleWebKit/537.36 (KHTML, like Gecko) Chrome/101.0.4951.64 Safari/537.36 Edg/101.0.1210.47" www.digitacetechsolutions.com 103.53.42.63
