103.53.42.63 - - [01/Jul/2020:07:36:11 +0000] "POST /wp-cron.php?doing_wp_cron=1593588971.4516201019287109375000 HTTP/1.1" 200 - "https://www.digitechtalks.in/wp-cron.php?doing_wp_cron=1593588971.4516201019287109375000" "WordPress/5.4.2; https://www.digitechtalks.in" www.digitechtalks.in 103.53.42.63
66.249.68.32 - - [01/Jul/2020:07:36:13 +0000] "GET /shop/digital-markting/search-engine-marketing-google-adwards/gold-3/ HTTP/1.1" 404 14504 "-" "Mozilla/5.0 (compatible; Googlebot/2.1; +http://www.google.com/bot.html)" www.digitechtalks.in 103.53.42.63
103.219.229.1 - - [01/Jul/2020:07:22:55 +0000] "POST /wp-admin/admin-ajax.php HTTP/2.0" 200 96 "https://www.digitechtalks.in/wp-admin/post.php?post=1869&action=elementor" "Mozilla/5.0 (Windows NT 10.0; Win64; x64) AppleWebKit/537.36 (KHTML, like Gecko) Chrome/83.0.4103.116 Safari/537.36" www.digitechtalks.in 103.53.42.63
103.53.42.63 - - [01/Jul/2020:07:22:57 +0000] "POST /wp-cron.php?doing_wp_cron=1593588177.7720088958740234375000 HTTP/1.1" 200 - "https://www.digitechtalks.in/wp-cron.php?doing_wp_cron=1593588177.7720088958740234375000" "WordPress/5.4.2; http://www.digitechtalks.in" www.digitechtalks.in 103.53.42.63
103.219.229.1 - - [01/Jul/2020:07:24:55 +0000] "POST /wp-admin/admin-ajax.php HTTP/2.0" 200 96 "https://www.digitechtalks.in/wp-admin/post.php?post=1869&action=elementor" "Mozilla/5.0 (Windows NT 10.0; Win64; x64) AppleWebKit/537.36 (KHTML, like Gecko) Chrome/83.0.4103.116 Safari/537.36" www.digitechtalks.in 103.53.42.63
103.53.42.63 - - [01/Jul/2020:07:24:57 +0000] "POST /wp-cron.php?doing_wp_cron=1593588297.6320090293884277343750 HTTP/1.1" 200 - "https://www.digitechtalks.in/wp-cron.php?doing_wp_cron=1593588297.6320090293884277343750" "WordPress/5.4.2; http://www.digitechtalks.in" www.digitechtalks.in 103.53.42.63
103.219.229.1 - - [01/Jul/2020:07:36:55 +0000] "POST /wp-admin/admin-ajax.php HTTP/2.0" 200 96 "https://www.digitechtalks.in/wp-admin/post.php?post=1869&action=elementor" "Mozilla/5.0 (Windows NT 10.0; Win64; x64) AppleWebKit/537.36 (KHTML, like Gecko) Chrome/83.0.4103.116 Safari/537.36" www.digitechtalks.in 103.53.42.63
103.53.42.63 - - [01/Jul/2020:07:36:57 +0000] "POST /wp-cron.php?doing_wp_cron=1593589017.7848200798034667968750 HTTP/1.1" 200 - "https://www.digitechtalks.in/wp-cron.php?doing_wp_cron=1593589017.7848200798034667968750" "WordPress/5.4.2; http://www.digitechtalks.in" www.digitechtalks.in 103.53.42.63
103.219.229.1 - - [01/Jul/2020:07:38:56 +0000] "POST /wp-admin/admin-ajax.php HTTP/2.0" 200 96 "https://www.digitechtalks.in/wp-admin/post.php?post=1869&action=elementor" "Mozilla/5.0 (Windows NT 10.0; Win64; x64) AppleWebKit/537.36 (KHTML, like Gecko) Chrome/83.0.4103.116 Safari/537.36" www.digitechtalks.in 103.53.42.63
103.53.42.63 - - [01/Jul/2020:07:38:58 +0000] "POST /wp-cron.php?doing_wp_cron=1593589138.6527590751647949218750 HTTP/1.1" 200 - "https://www.digitechtalks.in/wp-cron.php?doing_wp_cron=1593589138.6527590751647949218750" "WordPress/5.4.2; http://www.digitechtalks.in" www.digitechtalks.in 103.53.42.63
103.219.229.1 - - [01/Jul/2020:07:40:56 +0000] "POST /wp-admin/admin-ajax.php HTTP/2.0" 200 96 "https://www.digitechtalks.in/wp-admin/post.php?post=1869&action=elementor" "Mozilla/5.0 (Windows NT 10.0; Win64; x64) AppleWebKit/537.36 (KHTML, like Gecko) Chrome/83.0.4103.116 Safari/537.36" www.digitechtalks.in 103.53.42.63
103.53.42.63 - - [01/Jul/2020:07:40:59 +0000] "POST /wp-cron.php?doing_wp_cron=1593589259.6321210861206054687500 HTTP/1.1" 200 - "https://www.digitechtalks.in/wp-cron.php?doing_wp_cron=1593589259.6321210861206054687500" "WordPress/5.4.2; http://www.digitechtalks.in" www.digitechtalks.in 103.53.42.63
103.219.229.1 - - [01/Jul/2020:07:42:56 +0000] "POST /wp-admin/admin-ajax.php HTTP/2.0" 200 96 "https://www.digitechtalks.in/wp-admin/post.php?post=1869&action=elementor" "Mozilla/5.0 (Windows NT 10.0; Win64; x64) AppleWebKit/537.36 (KHTML, like Gecko) Chrome/83.0.4103.116 Safari/537.36" www.digitechtalks.in 103.53.42.63
103.53.42.63 - - [01/Jul/2020:07:42:58 +0000] "POST /wp-cron.php?doing_wp_cron=1593589378.6653139591217041015625 HTTP/1.1" 200 - "https://www.digitechtalks.in/wp-cron.php?doing_wp_cron=1593589378.6653139591217041015625" "WordPress/5.4.2; http://www.digitechtalks.in" www.digitechtalks.in 103.53.42.63
103.219.229.1 - - [01/Jul/2020:07:44:56 +0000] "POST /wp-admin/admin-ajax.php HTTP/2.0" 200 95 "https://www.digitechtalks.in/wp-admin/post.php?post=1869&action=elementor" "Mozilla/5.0 (Windows NT 10.0; Win64; x64) AppleWebKit/537.36 (KHTML, like Gecko) Chrome/83.0.4103.116 Safari/537.36" www.digitechtalks.in 103.53.42.63
103.53.42.63 - - [01/Jul/2020:07:45:00 +0000] "POST /wp-cron.php?doing_wp_cron=1593589499.4222230911254882812500 HTTP/1.1" 200 - "https://www.digitechtalks.in/wp-cron.php?doing_wp_cron=1593589499.4222230911254882812500" "WordPress/5.4.2; http://www.digitechtalks.in" www.digitechtalks.in 103.53.42.63
103.219.229.1 - - [01/Jul/2020:07:46:56 +0000] "POST /wp-admin/admin-ajax.php HTTP/2.0" 200 96 "https://www.digitechtalks.in/wp-admin/post.php?post=1869&action=elementor" "Mozilla/5.0 (Windows NT 10.0; Win64; x64) AppleWebKit/537.36 (KHTML, like Gecko) Chrome/83.0.4103.116 Safari/537.36" www.digitechtalks.in 103.53.42.63
103.53.42.63 - - [01/Jul/2020:07:46:58 +0000] "POST /wp-cron.php?doing_wp_cron=1593589618.8869609832763671875000 HTTP/1.1" 200 - "https://www.digitechtalks.in/wp-cron.php?doing_wp_cron=1593589618.8869609832763671875000" "WordPress/5.4.2; http://www.digitechtalks.in" www.digitechtalks.in 103.53.42.63
103.219.229.1 - - [01/Jul/2020:07:48:57 +0000] "POST /wp-admin/admin-ajax.php HTTP/2.0" 200 96 "https://www.digitechtalks.in/wp-admin/post.php?post=1869&action=elementor" "Mozilla/5.0 (Windows NT 10.0; Win64; x64) AppleWebKit/537.36 (KHTML, like Gecko) Chrome/83.0.4103.116 Safari/537.36" www.digitechtalks.in 103.53.42.63
103.53.42.63 - - [01/Jul/2020:07:48:59 +0000] "POST /wp-cron.php?doing_wp_cron=1593589739.8535621166229248046875 HTTP/1.1" 200 - "https://www.digitechtalks.in/wp-cron.php?doing_wp_cron=1593589739.8535621166229248046875" "WordPress/5.4.2; http://www.digitechtalks.in" www.digitechtalks.in 103.53.42.63
103.219.229.1 - - [01/Jul/2020:07:50:58 +0000] "POST /wp-admin/admin-ajax.php HTTP/2.0" 200 96 "https://www.digitechtalks.in/wp-admin/post.php?post=1869&action=elementor" "Mozilla/5.0 (Windows NT 10.0; Win64; x64) AppleWebKit/537.36 (KHTML, like Gecko) Chrome/83.0.4103.116 Safari/537.36" www.digitechtalks.in 103.53.42.63
103.53.42.63 - - [01/Jul/2020:07:51:00 +0000] "POST /wp-cron.php?doing_wp_cron=1593589860.7202570438385009765625 HTTP/1.1" 200 - "https://www.digitechtalks.in/wp-cron.php?doing_wp_cron=1593589860.7202570438385009765625" "WordPress/5.4.2; http://www.digitechtalks.in" www.digitechtalks.in 103.53.42.63
103.219.229.1 - - [01/Jul/2020:07:52:59 +0000] "POST /wp-admin/admin-ajax.php HTTP/2.0" 200 96 "https://www.digitechtalks.in/wp-admin/post.php?post=1869&action=elementor" "Mozilla/5.0 (Windows NT 10.0; Win64; x64) AppleWebKit/537.36 (KHTML, like Gecko) Chrome/83.0.4103.116 Safari/537.36" www.digitechtalks.in 103.53.42.63
103.53.42.63 - - [01/Jul/2020:07:53:02 +0000] "POST /wp-cron.php?doing_wp_cron=1593589982.2771129608154296875000 HTTP/1.1" 200 - "https://www.digitechtalks.in/wp-cron.php?doing_wp_cron=1593589982.2771129608154296875000" "WordPress/5.4.2; http://www.digitechtalks.in" www.digitechtalks.in 103.53.42.63
103.219.229.1 - - [01/Jul/2020:07:55:00 +0000] "POST /wp-admin/admin-ajax.php HTTP/2.0" 200 95 "https://www.digitechtalks.in/wp-admin/post.php?post=1869&action=elementor" "Mozilla/5.0 (Windows NT 10.0; Win64; x64) AppleWebKit/537.36 (KHTML, like Gecko) Chrome/83.0.4103.116 Safari/537.36" www.digitechtalks.in 103.53.42.63
103.53.42.63 - - [01/Jul/2020:07:55:02 +0000] "POST /wp-cron.php?doing_wp_cron=1593590102.7831621170043945312500 HTTP/1.1" 200 - "https://www.digitechtalks.in/wp-cron.php?doing_wp_cron=1593590102.7831621170043945312500" "WordPress/5.4.2; http://www.digitechtalks.in" www.digitechtalks.in 103.53.42.63
69.171.251.2 - - [01/Jul/2020:07:55:20 +0000] "GET /?wc-api=wc_facebook_get_feed_data&secret=72a2d307818cf6061bbdcea7e1d597f6 HTTP/1.1" 301 - "-" "facebookexternalhit/1.1 (+http://www.facebook.com/externalhit_uatext.php)" digitechtalks.in 103.53.42.63
69.171.251.2 - - [01/Jul/2020:07:55:25 +0000] "GET /?wc-api=wc_facebook_get_feed_data&secret=72a2d307818cf6061bbdcea7e1d597f6 HTTP/1.1" 200 33054 "-" "facebookexternalhit/1.1 (+http://www.facebook.com/externalhit_uatext.php)" www.digitechtalks.in 103.53.42.63
103.219.229.1 - - [01/Jul/2020:07:57:01 +0000] "POST /wp-admin/admin-ajax.php HTTP/2.0" 200 96 "https://www.digitechtalks.in/wp-admin/post.php?post=1869&action=elementor" "Mozilla/5.0 (Windows NT 10.0; Win64; x64) AppleWebKit/537.36 (KHTML, like Gecko) Chrome/83.0.4103.116 Safari/537.36" www.digitechtalks.in 103.53.42.63
103.53.42.63 - - [01/Jul/2020:07:57:04 +0000] "POST /wp-cron.php?doing_wp_cron=1593590224.0013720989227294921875 HTTP/1.1" 200 - "https://www.digitechtalks.in/wp-cron.php?doing_wp_cron=1593590224.0013720989227294921875" "WordPress/5.4.2; http://www.digitechtalks.in" www.digitechtalks.in 103.53.42.63
47.31.20.113 - - [01/Jul/2020:07:57:18 +0000] "GET /wp-content/uploads/2020/05/pattern-circle.png HTTP/2.0" 200 49979 "http://www.digitechtalks.in/wp-content/uploads/elementor/css/post-1632.css?ver=1593586473" "Mozilla/5.0 (Linux; Android 8.1.0; vivo 1803) AppleWebKit/537.36 (KHTML, like Gecko) Chrome/83.0.4103.106 Mobile Safari/537.36" www.digitechtalks.in 103.53.42.63
103.219.229.1 - - [01/Jul/2020:07:59:02 +0000] "POST /wp-admin/admin-ajax.php HTTP/2.0" 200 95 "https://www.digitechtalks.in/wp-admin/post.php?post=1869&action=elementor" "Mozilla/5.0 (Windows NT 10.0; Win64; x64) AppleWebKit/537.36 (KHTML, like Gecko) Chrome/83.0.4103.116 Safari/537.36" www.digitechtalks.in 103.53.42.63
103.53.42.63 - - [01/Jul/2020:07:59:04 +0000] "POST /wp-cron.php?doing_wp_cron=1593590344.6758120059967041015625 HTTP/1.1" 200 - "https://www.digitechtalks.in/wp-cron.php?doing_wp_cron=1593590344.6758120059967041015625" "WordPress/5.4.2; http://www.digitechtalks.in" www.digitechtalks.in 103.53.42.63
103.219.229.1 - - [01/Jul/2020:08:01:03 +0000] "POST /wp-admin/admin-ajax.php HTTP/2.0" 200 96 "https://www.digitechtalks.in/wp-admin/post.php?post=1869&action=elementor" "Mozilla/5.0 (Windows NT 10.0; Win64; x64) AppleWebKit/537.36 (KHTML, like Gecko) Chrome/83.0.4103.116 Safari/537.36" www.digitechtalks.in 103.53.42.63
103.53.42.63 - - [01/Jul/2020:08:01:06 +0000] "POST /wp-cron.php?doing_wp_cron=1593590465.8880379199981689453125 HTTP/1.1" 200 - "https://www.digitechtalks.in/wp-cron.php?doing_wp_cron=1593590465.8880379199981689453125" "WordPress/5.4.2; http://www.digitechtalks.in" www.digitechtalks.in 103.53.42.63
103.219.229.1 - - [01/Jul/2020:08:03:04 +0000] "POST /wp-admin/admin-ajax.php HTTP/2.0" 200 96 "https://www.digitechtalks.in/wp-admin/post.php?post=1869&action=elementor" "Mozilla/5.0 (Windows NT 10.0; Win64; x64) AppleWebKit/537.36 (KHTML, like Gecko) Chrome/83.0.4103.116 Safari/537.36" www.digitechtalks.in 103.53.42.63
103.53.42.63 - - [01/Jul/2020:08:03:06 +0000] "POST /wp-cron.php?doing_wp_cron=1593590586.7018160820007324218750 HTTP/1.1" 200 - "https://www.digitechtalks.in/wp-cron.php?doing_wp_cron=1593590586.7018160820007324218750" "WordPress/5.4.2; http://www.digitechtalks.in" www.digitechtalks.in 103.53.42.63
103.219.229.1 - - [01/Jul/2020:08:05:05 +0000] "POST /wp-admin/admin-ajax.php HTTP/2.0" 200 96 "https://www.digitechtalks.in/wp-admin/post.php?post=1869&action=elementor" "Mozilla/5.0 (Windows NT 10.0; Win64; x64) AppleWebKit/537.36 (KHTML, like Gecko) Chrome/83.0.4103.116 Safari/537.36" www.digitechtalks.in 103.53.42.63
103.53.42.63 - - [01/Jul/2020:08:05:07 +0000] "POST /wp-cron.php?doing_wp_cron=1593590707.3233768939971923828125 HTTP/1.1" 200 - "https://www.digitechtalks.in/wp-cron.php?doing_wp_cron=1593590707.3233768939971923828125" "WordPress/5.4.2; http://www.digitechtalks.in" www.digitechtalks.in 103.53.42.63
35.233.251.149 - - [01/Jul/2020:08:05:07 +0000] "HEAD / HTTP/2.0" 200 - "https://t.co/JLwQXT4gRA" "-" www.digitechtalks.in 103.53.42.63
35.233.155.91 - - [01/Jul/2020:08:05:21 +0000] "HEAD / HTTP/2.0" 200 - "https://t.co/JLwQXT4gRA" "-" www.digitechtalks.in 103.53.42.63
103.219.229.1 - - [01/Jul/2020:08:07:06 +0000] "POST /wp-admin/admin-ajax.php HTTP/2.0" 200 96 "https://www.digitechtalks.in/wp-admin/post.php?post=1869&action=elementor" "Mozilla/5.0 (Windows NT 10.0; Win64; x64) AppleWebKit/537.36 (KHTML, like Gecko) Chrome/83.0.4103.116 Safari/537.36" www.digitechtalks.in 103.53.42.63
103.53.42.63 - - [01/Jul/2020:08:07:08 +0000] "POST /wp-cron.php?doing_wp_cron=1593590828.5813660621643066406250 HTTP/1.1" 200 - "https://www.digitechtalks.in/wp-cron.php?doing_wp_cron=1593590828.5813660621643066406250" "WordPress/5.4.2; http://www.digitechtalks.in" www.digitechtalks.in 103.53.42.63
103.53.42.63 - - [01/Jul/2020:08:08:12 +0000] "POST /wp-cron.php?doing_wp_cron=1593590892.2697980403900146484375 HTTP/1.1" 200 - "https://www.digitechtalks.in/wp-cron.php?doing_wp_cron=1593590892.2697980403900146484375" "WordPress/5.4.2; http://www.digitechtalks.in" www.digitechtalks.in 103.53.42.63
103.219.229.1 - - [01/Jul/2020:08:08:09 +0000] "POST /wp-admin/admin-ajax.php HTTP/2.0" 200 - "https://www.digitechtalks.in/wp-admin/post.php?post=1869&action=elementor" "Mozilla/5.0 (Windows NT 10.0; Win64; x64) AppleWebKit/537.36 (KHTML, like Gecko) Chrome/83.0.4103.116 Safari/537.36" www.digitechtalks.in 103.53.42.63
103.219.229.1 - - [01/Jul/2020:08:14:27 +0000] "GET /wp-admin/ HTTP/2.0" 302 - "-" "Mozilla/5.0 (Windows NT 10.0; Win64; x64) AppleWebKit/537.36 (KHTML, like Gecko) Chrome/83.0.4103.116 Safari/537.36" digitechtalks.in 103.53.42.63
103.53.42.63 - - [01/Jul/2020:08:14:30 +0000] "POST /wp-cron.php?doing_wp_cron=1593591270.1069059371948242187500 HTTP/1.1" 200 - "https://www.digitechtalks.in/wp-cron.php?doing_wp_cron=1593591270.1069059371948242187500" "WordPress/5.4.2; http://www.digitechtalks.in" www.digitechtalks.in 103.53.42.63
103.219.229.1 - - [01/Jul/2020:08:14:31 +0000] "GET /wp-login.php?redirect_to=https%3A%2F%2Fdigitechtalks.in%2Fwp-admin%2F&reauth=1 HTTP/2.0" 200 - "-" "Mozilla/5.0 (Windows NT 10.0; Win64; x64) AppleWebKit/537.36 (KHTML, like Gecko) Chrome/83.0.4103.116 Safari/537.36" www.digitechtalks.in 103.53.42.63
103.219.229.1 - - [01/Jul/2020:08:14:31 +0000] "GET /wp-login.php?redirect_to=https%3A%2F%2Fdigitechtalks.in%2Fwp-admin%2F&reauth=1 HTTP/2.0" 200 2222 "-" "Mozilla/5.0 (Windows NT 10.0; Win64; x64) AppleWebKit/537.36 (KHTML, like Gecko) Chrome/83.0.4103.116 Safari/537.36" www.digitechtalks.in 103.53.42.63
103.219.229.1 - - [01/Jul/2020:08:14:34 +0000] "GET /wp-login.php?redirect_to=https%3A%2F%2Fdigitechtalks.in%2Fwp-admin%2F&reauth=1 HTTP/2.0" 200 2211 "-" "Mozilla/5.0 (Windows NT 10.0; Win64; x64) AppleWebKit/537.36 (KHTML, like Gecko) Chrome/83.0.4103.116 Safari/537.36" www.digitechtalks.in 103.53.42.63
103.53.42.63 - - [01/Jul/2020:08:14:36 +0000] "POST /wp-cron.php?doing_wp_cron=1593591276.3485100269317626953125 HTTP/1.1" 200 - "https://www.digitechtalks.in/wp-cron.php?doing_wp_cron=1593591276.3485100269317626953125" "WordPress/5.4.2; https://www.digitechtalks.in" www.digitechtalks.in 103.53.42.63
103.219.229.1 - - [01/Jul/2020:08:14:37 +0000] "POST /wp-login.php HTTP/2.0" 302 - "https://www.digitechtalks.in/wp-login.php?redirect_to=https%3A%2F%2Fdigitechtalks.in%2Fwp-admin%2F&reauth=1" "Mozilla/5.0 (Windows NT 10.0; Win64; x64) AppleWebKit/537.36 (KHTML, like Gecko) Chrome/83.0.4103.116 Safari/537.36" www.digitechtalks.in 103.53.42.63
103.53.42.63 - - [01/Jul/2020:08:14:37 +0000] "POST /wp-cron.php?doing_wp_cron=1593591277.4348731040954589843750 HTTP/1.1" 200 - "https://www.digitechtalks.in/wp-cron.php?doing_wp_cron=1593591277.4348731040954589843750" "WordPress/5.4.2; https://www.digitechtalks.in" www.digitechtalks.in 103.53.42.63
103.219.229.1 - - [01/Jul/2020:08:14:34 +0000] "GET /robots.txt HTTP/2.0" 200 67 "-" "Mozilla/5.0 (Windows NT 10.0; Win64; x64) AppleWebKit/537.36 (KHTML, like Gecko) Chrome/83.0.4103.116 Safari/537.36" www.digitechtalks.in 103.53.42.63
103.219.229.1 - - [01/Jul/2020:08:14:39 +0000] "GET /wp-admin/ HTTP/2.0" 200 46934 "https://www.digitechtalks.in/wp-login.php?redirect_to=https%3A%2F%2Fdigitechtalks.in%2Fwp-admin%2F&reauth=1" "Mozilla/5.0 (Windows NT 10.0; Win64; x64) AppleWebKit/537.36 (KHTML, like Gecko) Chrome/83.0.4103.116 Safari/537.36" www.digitechtalks.in 103.53.42.63
103.219.229.1 - - [01/Jul/2020:08:14:42 +0000] "GET /wp-content/plugins/elementor/assets/css/admin.min.css?ver=2.9.13 HTTP/2.0" 304 - "https://www.digitechtalks.in/wp-admin/" "Mozilla/5.0 (Windows NT 10.0; Win64; x64) AppleWebKit/537.36 (KHTML, like Gecko) Chrome/83.0.4103.116 Safari/537.36" www.digitechtalks.in 103.53.42.63
103.219.229.1 - - [01/Jul/2020:08:14:42 +0000] "GET /wp-content/plugins/wpforms-lite/assets/css/dashboard-widget.min.css?ver=1.6.1 HTTP/2.0" 304 - "https://www.digitechtalks.in/wp-admin/" "Mozilla/5.0 (Windows NT 10.0; Win64; x64) AppleWebKit/537.36 (KHTML, like Gecko) Chrome/83.0.4103.116 Safari/537.36" www.digitechtalks.in 103.53.42.63
103.219.229.1 - - [01/Jul/2020:08:14:42 +0000] "GET /wp-content/plugins/astra-sites/inc/assets/css/install-theme.css?ver=2.3.2 HTTP/2.0" 304 - "https://www.digitechtalks.in/wp-admin/" "Mozilla/5.0 (Windows NT 10.0; Win64; x64) AppleWebKit/537.36 (KHTML, like Gecko) Chrome/83.0.4103.116 Safari/537.36" www.digitechtalks.in 103.53.42.63
103.219.229.1 - - [01/Jul/2020:08:14:42 +0000] "GET /wp-content/plugins/wpforms-lite/assets/css/admin-bar.min.css?ver=1.6.1 HTTP/2.0" 304 - "https://www.digitechtalks.in/wp-admin/" "Mozilla/5.0 (Windows NT 10.0; Win64; x64) AppleWebKit/537.36 (KHTML, like Gecko) Chrome/83.0.4103.116 Safari/537.36" www.digitechtalks.in 103.53.42.63
103.219.229.1 - - [01/Jul/2020:08:14:42 +0000] "GET /wp-content/plugins/leadin/assets/style/leadin.css?ver=7.35.1 HTTP/2.0" 304 - "https://www.digitechtalks.in/wp-admin/" "Mozilla/5.0 (Windows NT 10.0; Win64; x64) AppleWebKit/537.36 (KHTML, like Gecko) Chrome/83.0.4103.116 Safari/537.36" www.digitechtalks.in 103.53.42.63
103.219.229.1 - - [01/Jul/2020:08:14:42 +0000] "GET /wp-content/plugins/essential-addons-for-elementor-lite//assets/admin/css/notice.css?ver=4.0.4 HTTP/2.0" 304 - "https://www.digitechtalks.in/wp-admin/" "Mozilla/5.0 (Windows NT 10.0; Win64; x64) AppleWebKit/537.36 (KHTML, like Gecko) Chrome/83.0.4103.116 Safari/537.36" www.digitechtalks.in 103.53.42.63
103.219.229.1 - - [01/Jul/2020:08:14:42 +0000] "GET /wp-content/plugins/elementor/assets/css/common.min.css?ver=2.9.13 HTTP/2.0" 304 - "https://www.digitechtalks.in/wp-admin/" "Mozilla/5.0 (Windows NT 10.0; Win64; x64) AppleWebKit/537.36 (KHTML, like Gecko) Chrome/83.0.4103.116 Safari/537.36" www.digitechtalks.in 103.53.42.63
103.219.229.1 - - [01/Jul/2020:08:14:43 +0000] "GET /wp-content/plugins/leadin/js/dist/leadin.js?ver=7.35.1 HTTP/2.0" 304 - "https://www.digitechtalks.in/wp-admin/" "Mozilla/5.0 (Windows NT 10.0; Win64; x64) AppleWebKit/537.36 (KHTML, like Gecko) Chrome/83.0.4103.116 Safari/537.36" www.digitechtalks.in 103.53.42.63
103.219.229.1 - - [01/Jul/2020:08:14:43 +0000] "GET /wp-content/plugins/elementor/assets/js/common-modules.min.js?ver=2.9.13 HTTP/2.0" 304 - "https://www.digitechtalks.in/wp-admin/" "Mozilla/5.0 (Windows NT 10.0; Win64; x64) AppleWebKit/537.36 (KHTML, like Gecko) Chrome/83.0.4103.116 Safari/537.36" www.digitechtalks.in 103.53.42.63
103.219.229.1 - - [01/Jul/2020:08:14:43 +0000] "GET /wp-content/plugins/elementor/assets/js/common.min.js?ver=2.9.13 HTTP/2.0" 304 - "https://www.digitechtalks.in/wp-admin/" "Mozilla/5.0 (Windows NT 10.0; Win64; x64) AppleWebKit/537.36 (KHTML, like Gecko) Chrome/83.0.4103.116 Safari/537.36" www.digitechtalks.in 103.53.42.63
103.219.229.1 - - [01/Jul/2020:08:14:43 +0000] "GET /wp-content/plugins/elementor/assets/js/admin.min.js?ver=2.9.13 HTTP/2.0" 304 - "https://www.digitechtalks.in/wp-admin/" "Mozilla/5.0 (Windows NT 10.0; Win64; x64) AppleWebKit/537.36 (KHTML, like Gecko) Chrome/83.0.4103.116 Safari/537.36" www.digitechtalks.in 103.53.42.63
103.219.229.1 - - [01/Jul/2020:08:14:43 +0000] "GET /wp-content/plugins/wpforms-lite/lite/assets/js/admin/dashboard-widget.min.js?ver=1.6.1 HTTP/2.0" 304 - "https://www.digitechtalks.in/wp-admin/" "Mozilla/5.0 (Windows NT 10.0; Win64; x64) AppleWebKit/537.36 (KHTML, like Gecko) Chrome/83.0.4103.116 Safari/537.36" www.digitechtalks.in 103.53.42.63
103.219.229.1 - - [01/Jul/2020:08:14:43 +0000] "GET /wp-content/plugins/premium-addons-for-elementor/admin/assets/js/pa-notice.js?ver=3.20.7 HTTP/2.0" 304 - "https://www.digitechtalks.in/wp-admin/" "Mozilla/5.0 (Windows NT 10.0; Win64; x64) AppleWebKit/537.36 (KHTML, like Gecko) Chrome/83.0.4103.116 Safari/537.36" www.digitechtalks.in 103.53.42.63
103.219.229.1 - - [01/Jul/2020:08:14:43 +0000] "GET /wp-content/plugins/astra-sites/inc/assets/js/install-theme.js?ver=2.3.2 HTTP/2.0" 304 - "https://www.digitechtalks.in/wp-admin/" "Mozilla/5.0 (Windows NT 10.0; Win64; x64) AppleWebKit/537.36 (KHTML, like Gecko) Chrome/83.0.4103.116 Safari/537.36" www.digitechtalks.in 103.53.42.63
103.219.229.1 - - [01/Jul/2020:08:14:42 +0000] "GET /robots.txt HTTP/2.0" 200 67 "-" "Mozilla/5.0 (Windows NT 10.0; Win64; x64) AppleWebKit/537.36 (KHTML, like Gecko) Chrome/83.0.4103.116 Safari/537.36" www.digitechtalks.in 103.53.42.63
103.219.229.1 - - [01/Jul/2020:08:14:43 +0000] "POST /wp-admin/admin-ajax.php?_fs_blog_admin=true HTTP/2.0" 200 16 "https://www.digitechtalks.in/wp-admin/" "Mozilla/5.0 (Windows NT 10.0; Win64; x64) AppleWebKit/537.36 (KHTML, like Gecko) Chrome/83.0.4103.116 Safari/537.36" www.digitechtalks.in 103.53.42.63
103.219.229.1 - - [01/Jul/2020:08:14:43 +0000] "POST /wp-admin/admin-ajax.php?_fs_blog_admin=true HTTP/2.0" 200 16 "https://www.digitechtalks.in/wp-admin/" "Mozilla/5.0 (Windows NT 10.0; Win64; x64) AppleWebKit/537.36 (KHTML, like Gecko) Chrome/83.0.4103.116 Safari/537.36" www.digitechtalks.in 103.53.42.63
103.219.229.1 - - [01/Jul/2020:08:14:44 +0000] "GET /wp-admin/ HTTP/2.0" 200 46921 "-" "Mozilla/5.0 (Windows NT 10.0; Win64; x64) AppleWebKit/537.36 (KHTML, like Gecko) Chrome/83.0.4103.116 Safari/537.36" www.digitechtalks.in 103.53.42.63
103.219.229.1 - - [01/Jul/2020:08:14:46 +0000] "POST /wp-admin/admin-ajax.php?_fs_blog_admin=true HTTP/2.0" 200 16 "https://www.digitechtalks.in/wp-admin/" "Mozilla/5.0 (Windows NT 10.0; Win64; x64) AppleWebKit/537.36 (KHTML, like Gecko) Chrome/83.0.4103.116 Safari/537.36" www.digitechtalks.in 103.53.42.63
103.219.229.1 - - [01/Jul/2020:08:14:43 +0000] "POST /wp-json/google-site-kit/v1/data/?_locale=user HTTP/2.0" 200 1579 "https://www.digitechtalks.in/wp-admin/" "Mozilla/5.0 (Windows NT 10.0; Win64; x64) AppleWebKit/537.36 (KHTML, like Gecko) Chrome/83.0.4103.116 Safari/537.36" www.digitechtalks.in 103.53.42.63
103.219.229.1 - - [01/Jul/2020:08:14:53 +0000] "GET /wp-admin/user-new.php HTTP/2.0" 200 33346 "https://www.digitechtalks.in/wp-admin/" "Mozilla/5.0 (Windows NT 10.0; Win64; x64) AppleWebKit/537.36 (KHTML, like Gecko) Chrome/83.0.4103.116 Safari/537.36" www.digitechtalks.in 103.53.42.63
103.219.229.1 - - [01/Jul/2020:08:14:56 +0000] "GET /wp-admin/load-scripts.php?c=0&load%5Bchunk_0%5D=jquery-core,jquery-migrate,utils,zxcvbn-async&ver=5.4.2 HTTP/2.0" 200 48080 "https://www.digitechtalks.in/wp-admin/user-new.php" "Mozilla/5.0 (Windows NT 10.0; Win64; x64) AppleWebKit/537.36 (KHTML, like Gecko) Chrome/83.0.4103.116 Safari/537.36" www.digitechtalks.in 103.53.42.63
103.219.229.1 - - [01/Jul/2020:08:14:56 +0000] "GET /wp-admin/load-scripts.php?c=0&load%5Bchunk_0%5D=hoverIntent,common,hoverintent-js,admin-bar,wp-ajax-response,password-strength-meter,underscore,wp-util,user-profile,svg-painter&ver=5.4.2 HTTP/2.0" 200 21479 "https://www.digitechtalks.in/wp-admin/user-new.php" "Mozilla/5.0 (Windows NT 10.0; Win64; x64) AppleWebKit/537.36 (KHTML, like Gecko) Chrome/83.0.4103.116 Safari/537.36" www.digitechtalks.in 103.53.42.63
103.219.229.1 - - [01/Jul/2020:08:14:56 +0000] "GET /robots.txt HTTP/2.0" 200 67 "-" "Mozilla/5.0 (Windows NT 10.0; Win64; x64) AppleWebKit/537.36 (KHTML, like Gecko) Chrome/83.0.4103.116 Safari/537.36" www.digitechtalks.in 103.53.42.63
103.219.229.1 - - [01/Jul/2020:08:14:57 +0000] "GET /wp-admin/user-new.php HTTP/2.0" 200 33364 "-" "Mozilla/5.0 (Windows NT 10.0; Win64; x64) AppleWebKit/537.36 (KHTML, like Gecko) Chrome/83.0.4103.116 Safari/537.36" www.digitechtalks.in 103.53.42.63
103.219.229.1 - - [01/Jul/2020:08:16:33 +0000] "POST /wp-admin/admin-ajax.php?_fs_blog_admin=true HTTP/2.0" 200 47 "https://www.digitechtalks.in/wp-admin/user-new.php" "Mozilla/5.0 (Windows NT 10.0; Win64; x64) AppleWebKit/537.36 (KHTML, like Gecko) Chrome/83.0.4103.116 Safari/537.36" www.digitechtalks.in 103.53.42.63
103.53.42.63 - - [01/Jul/2020:08:16:35 +0000] "POST /wp-cron.php?doing_wp_cron=1593591395.7707250118255615234375 HTTP/1.1" 200 - "https://www.digitechtalks.in/wp-cron.php?doing_wp_cron=1593591395.7707250118255615234375" "WordPress/5.4.2; http://www.digitechtalks.in" www.digitechtalks.in 103.53.42.63
103.219.229.1 - - [01/Jul/2020:08:17:33 +0000] "POST /wp-admin/admin-ajax.php?_fs_blog_admin=true HTTP/2.0" 200 47 "https://www.digitechtalks.in/wp-admin/user-new.php" "Mozilla/5.0 (Windows NT 10.0; Win64; x64) AppleWebKit/537.36 (KHTML, like Gecko) Chrome/83.0.4103.116 Safari/537.36" www.digitechtalks.in 103.53.42.63
103.219.229.1 - - [01/Jul/2020:08:17:33 +0000] "POST /wp-admin/user-new.php HTTP/2.0" 302 - "https://www.digitechtalks.in/wp-admin/user-new.php" "Mozilla/5.0 (Windows NT 10.0; Win64; x64) AppleWebKit/537.36 (KHTML, like Gecko) Chrome/83.0.4103.116 Safari/537.36" www.digitechtalks.in 103.53.42.63
103.53.42.63 - - [01/Jul/2020:08:17:35 +0000] "POST /wp-cron.php?doing_wp_cron=1593591455.2517790794372558593750 HTTP/1.1" 200 - "https://www.digitechtalks.in/wp-cron.php?doing_wp_cron=1593591455.2517790794372558593750" "WordPress/5.4.2; http://www.digitechtalks.in" www.digitechtalks.in 103.53.42.63
103.219.229.1 - - [01/Jul/2020:08:17:36 +0000] "GET /wp-admin/users.php?update=add&id=2 HTTP/2.0" 200 35832 "https://www.digitechtalks.in/wp-admin/user-new.php" "Mozilla/5.0 (Windows NT 10.0; Win64; x64) AppleWebKit/537.36 (KHTML, like Gecko) Chrome/83.0.4103.116 Safari/537.36" www.digitechtalks.in 103.53.42.63
103.219.229.1 - - [01/Jul/2020:08:17:39 +0000] "GET /wp-admin/load-scripts.php?c=0&load%5Bchunk_0%5D=hoverIntent,common,hoverintent-js,admin-bar,svg-painter&ver=5.4.2 HTTP/2.0" 200 10997 "https://www.digitechtalks.in/wp-admin/users.php?update=add&id=2" "Mozilla/5.0 (Windows NT 10.0; Win64; x64) AppleWebKit/537.36 (KHTML, like Gecko) Chrome/83.0.4103.116 Safari/537.36" www.digitechtalks.in 103.53.42.63
103.219.229.1 - - [01/Jul/2020:08:17:39 +0000] "GET /robots.txt HTTP/2.0" 200 67 "-" "Mozilla/5.0 (Windows NT 10.0; Win64; x64) AppleWebKit/537.36 (KHTML, like Gecko) Chrome/83.0.4103.116 Safari/537.36" www.digitechtalks.in 103.53.42.63
103.219.229.1 - - [01/Jul/2020:08:17:40 +0000] "GET /wp-admin/users.php?update=add&id=2 HTTP/2.0" 200 35831 "-" "Mozilla/5.0 (Windows NT 10.0; Win64; x64) AppleWebKit/537.36 (KHTML, like Gecko) Chrome/83.0.4103.116 Safari/537.36" www.digitechtalks.in 103.53.42.63
103.219.229.1 - - [01/Jul/2020:08:19:40 +0000] "POST /wp-admin/admin-ajax.php?_fs_blog_admin=true HTTP/2.0" 200 47 "https://www.digitechtalks.in/wp-admin/users.php?id=2" "Mozilla/5.0 (Windows NT 10.0; Win64; x64) AppleWebKit/537.36 (KHTML, like Gecko) Chrome/83.0.4103.116 Safari/537.36" www.digitechtalks.in 103.53.42.63
103.53.42.63 - - [01/Jul/2020:08:19:42 +0000] "POST /wp-cron.php?doing_wp_cron=1593591582.5129430294036865234375 HTTP/1.1" 200 - "https://www.digitechtalks.in/wp-cron.php?doing_wp_cron=1593591582.5129430294036865234375" "WordPress/5.4.2; http://www.digitechtalks.in" www.digitechtalks.in 103.53.42.63
103.219.229.1 - - [01/Jul/2020:08:21:31 +0000] "POST /wp-admin/admin-ajax.php?_fs_blog_admin=true HTTP/2.0" 200 47 "https://www.digitechtalks.in/wp-admin/users.php?id=2" "Mozilla/5.0 (Windows NT 10.0; Win64; x64) AppleWebKit/537.36 (KHTML, like Gecko) Chrome/83.0.4103.116 Safari/537.36" www.digitechtalks.in 103.53.42.63
103.53.42.63 - - [01/Jul/2020:08:21:33 +0000] "POST /wp-cron.php?doing_wp_cron=1593591693.4692869186401367187500 HTTP/1.1" 200 - "https://www.digitechtalks.in/wp-cron.php?doing_wp_cron=1593591693.4692869186401367187500" "WordPress/5.4.2; http://www.digitechtalks.in" www.digitechtalks.in 103.53.42.63
103.219.229.1 - - [01/Jul/2020:08:21:45 +0000] "GET /wp-login.php?action=logout&_wpnonce=2270fe5e76 HTTP/2.0" 302 - "https://www.digitechtalks.in/wp-admin/users.php?id=2" "Mozilla/5.0 (Windows NT 10.0; Win64; x64) AppleWebKit/537.36 (KHTML, like Gecko) Chrome/83.0.4103.116 Safari/537.36" www.digitechtalks.in 103.53.42.63
103.219.229.1 - - [01/Jul/2020:08:21:48 +0000] "GET /wp-login.php?loggedout=true&wp_lang=en_US HTTP/2.0" 200 2352 "https://www.digitechtalks.in/wp-admin/users.php?id=2" "Mozilla/5.0 (Windows NT 10.0; Win64; x64) AppleWebKit/537.36 (KHTML, like Gecko) Chrome/83.0.4103.116 Safari/537.36" www.digitechtalks.in 103.53.42.63
103.219.229.1 - - [01/Jul/2020:08:21:50 +0000] "GET /robots.txt HTTP/2.0" 200 67 "-" "Mozilla/5.0 (Windows NT 10.0; Win64; x64) AppleWebKit/537.36 (KHTML, like Gecko) Chrome/83.0.4103.116 Safari/537.36" www.digitechtalks.in 103.53.42.63
103.219.229.1 - - [01/Jul/2020:08:21:50 +0000] "GET /wp-login.php?loggedout=true&wp_lang=en_US HTTP/2.0" 200 2352 "-" "Mozilla/5.0 (Windows NT 10.0; Win64; x64) AppleWebKit/537.36 (KHTML, like Gecko) Chrome/83.0.4103.116 Safari/537.36" www.digitechtalks.in 103.53.42.63
69.171.251.8 - - [01/Jul/2020:08:54:51 +0000] "GET /?wc-api=wc_facebook_get_feed_data&secret=72a2d307818cf6061bbdcea7e1d597f6 HTTP/1.1" 301 - "-" "facebookexternalhit/1.1 (+http://www.facebook.com/externalhit_uatext.php)" digitechtalks.in 103.53.42.63
103.53.42.63 - - [01/Jul/2020:08:54:53 +0000] "POST /wp-cron.php?doing_wp_cron=1593593693.3638329505920410156250 HTTP/1.1" 200 - "https://www.digitechtalks.in/wp-cron.php?doing_wp_cron=1593593693.3638329505920410156250" "WordPress/5.4.2; https://www.digitechtalks.in" www.digitechtalks.in 103.53.42.63
69.171.251.8 - - [01/Jul/2020:08:54:56 +0000] "GET /?wc-api=wc_facebook_get_feed_data&secret=72a2d307818cf6061bbdcea7e1d597f6 HTTP/1.1" 200 33053 "-" "facebookexternalhit/1.1 (+http://www.facebook.com/externalhit_uatext.php)" www.digitechtalks.in 103.53.42.63
103.219.229.1 - - [01/Jul/2020:10:19:15 +0000] "GET /wp-admin/ HTTP/2.0" 302 - "-" "Mozilla/5.0 (Windows NT 10.0; Win64; x64) AppleWebKit/537.36 (KHTML, like Gecko) Chrome/83.0.4103.116 Safari/537.36" digitechtalks.in 103.53.42.63
103.219.229.1 - - [01/Jul/2020:10:19:15 +0000] "GET /robots.txt HTTP/2.0" 200 67 "-" "Mozilla/5.0 (Windows NT 10.0; Win64; x64) AppleWebKit/537.36 (KHTML, like Gecko) Chrome/83.0.4103.116 Safari/537.36" digitechtalks.in 103.53.42.63
103.53.42.63 - - [01/Jul/2020:10:19:17 +0000] "POST /wp-cron.php?doing_wp_cron=1593598757.7422659397125244140625 HTTP/1.1" 200 - "https://www.digitechtalks.in/wp-cron.php?doing_wp_cron=1593598757.7422659397125244140625" "WordPress/5.4.2; https://www.digitechtalks.in" www.digitechtalks.in 103.53.42.63
103.219.229.1 - - [01/Jul/2020:10:19:18 +0000] "GET /wp-login.php?redirect_to=https%3A%2F%2Fdigitechtalks.in%2Fwp-admin%2F&reauth=1 HTTP/2.0" 200 2211 "-" "Mozilla/5.0 (Windows NT 10.0; Win64; x64) AppleWebKit/537.36 (KHTML, like Gecko) Chrome/83.0.4103.116 Safari/537.36" www.digitechtalks.in 103.53.42.63
103.219.229.1 - - [01/Jul/2020:10:19:21 +0000] "GET /robots.txt HTTP/2.0" 200 67 "-" "Mozilla/5.0 (Windows NT 10.0; Win64; x64) AppleWebKit/537.36 (KHTML, like Gecko) Chrome/83.0.4103.116 Safari/537.36" www.digitechtalks.in 103.53.42.63
103.219.229.1 - - [01/Jul/2020:10:19:22 +0000] "GET /wp-login.php?redirect_to=https%3A%2F%2Fdigitechtalks.in%2Fwp-admin%2F&reauth=1 HTTP/2.0" 200 2211 "-" "Mozilla/5.0 (Windows NT 10.0; Win64; x64) AppleWebKit/537.36 (KHTML, like Gecko) Chrome/83.0.4103.116 Safari/537.36" www.digitechtalks.in 103.53.42.63
103.219.229.1 - - [01/Jul/2020:10:19:24 +0000] "POST /wp-login.php HTTP/2.0" 302 - "https://www.digitechtalks.in/wp-login.php?redirect_to=https%3A%2F%2Fdigitechtalks.in%2Fwp-admin%2F&reauth=1" "Mozilla/5.0 (Windows NT 10.0; Win64; x64) AppleWebKit/537.36 (KHTML, like Gecko) Chrome/83.0.4103.116 Safari/537.36" www.digitechtalks.in 103.53.42.63
103.219.229.1 - - [01/Jul/2020:10:19:26 +0000] "GET /wp-admin/ HTTP/2.0" 200 46207 "https://www.digitechtalks.in/wp-login.php?redirect_to=https%3A%2F%2Fdigitechtalks.in%2Fwp-admin%2F&reauth=1" "Mozilla/5.0 (Windows NT 10.0; Win64; x64) AppleWebKit/537.36 (KHTML, like Gecko) Chrome/83.0.4103.116 Safari/537.36" www.digitechtalks.in 103.53.42.63
103.219.229.1 - - [01/Jul/2020:10:19:29 +0000] "GET /wp-content/plugins/leadin/assets/style/leadin.css?ver=7.35.1 HTTP/2.0" 304 - "https://www.digitechtalks.in/wp-admin/" "Mozilla/5.0 (Windows NT 10.0; Win64; x64) AppleWebKit/537.36 (KHTML, like Gecko) Chrome/83.0.4103.116 Safari/537.36" www.digitechtalks.in 103.53.42.63
103.219.229.1 - - [01/Jul/2020:10:19:29 +0000] "GET /wp-content/plugins/essential-addons-for-elementor-lite//assets/admin/css/notice.css?ver=4.0.4 HTTP/2.0" 304 - "https://www.digitechtalks.in/wp-admin/" "Mozilla/5.0 (Windows NT 10.0; Win64; x64) AppleWebKit/537.36 (KHTML, like Gecko) Chrome/83.0.4103.116 Safari/537.36" www.digitechtalks.in 103.53.42.63
103.219.229.1 - - [01/Jul/2020:10:19:29 +0000] "GET /wp-content/plugins/elementor/assets/css/common.min.css?ver=2.9.13 HTTP/2.0" 304 - "https://www.digitechtalks.in/wp-admin/" "Mozilla/5.0 (Windows NT 10.0; Win64; x64) AppleWebKit/537.36 (KHTML, like Gecko) Chrome/83.0.4103.116 Safari/537.36" www.digitechtalks.in 103.53.42.63
103.219.229.1 - - [01/Jul/2020:10:19:29 +0000] "GET /wp-content/plugins/elementor/assets/css/admin.min.css?ver=2.9.13 HTTP/2.0" 304 - "https://www.digitechtalks.in/wp-admin/" "Mozilla/5.0 (Windows NT 10.0; Win64; x64) AppleWebKit/537.36 (KHTML, like Gecko) Chrome/83.0.4103.116 Safari/537.36" www.digitechtalks.in 103.53.42.63
103.219.229.1 - - [01/Jul/2020:10:19:29 +0000] "GET /wp-content/plugins/wpforms-lite/assets/css/admin-bar.min.css?ver=1.6.1 HTTP/2.0" 304 - "https://www.digitechtalks.in/wp-admin/" "Mozilla/5.0 (Windows NT 10.0; Win64; x64) AppleWebKit/537.36 (KHTML, like Gecko) Chrome/83.0.4103.116 Safari/537.36" www.digitechtalks.in 103.53.42.63
103.219.229.1 - - [01/Jul/2020:10:19:30 +0000] "GET /wp-content/plugins/astra-sites/inc/assets/css/install-theme.css?ver=2.3.2 HTTP/2.0" 304 - "https://www.digitechtalks.in/wp-admin/" "Mozilla/5.0 (Windows NT 10.0; Win64; x64) AppleWebKit/537.36 (KHTML, like Gecko) Chrome/83.0.4103.116 Safari/537.36" www.digitechtalks.in 103.53.42.63
103.219.229.1 - - [01/Jul/2020:10:19:30 +0000] "GET /wp-content/plugins/wpforms-lite/assets/css/dashboard-widget.min.css?ver=1.6.1 HTTP/2.0" 304 - "https://www.digitechtalks.in/wp-admin/" "Mozilla/5.0 (Windows NT 10.0; Win64; x64) AppleWebKit/537.36 (KHTML, like Gecko) Chrome/83.0.4103.116 Safari/537.36" www.digitechtalks.in 103.53.42.63
103.219.229.1 - - [01/Jul/2020:10:19:30 +0000] "GET /wp-content/plugins/leadin/js/dist/leadin.js?ver=7.35.1 HTTP/2.0" 304 - "https://www.digitechtalks.in/wp-admin/" "Mozilla/5.0 (Windows NT 10.0; Win64; x64) AppleWebKit/537.36 (KHTML, like Gecko) Chrome/83.0.4103.116 Safari/537.36" www.digitechtalks.in 103.53.42.63
103.219.229.1 - - [01/Jul/2020:10:19:30 +0000] "GET /wp-content/plugins/elementor/assets/js/common-modules.min.js?ver=2.9.13 HTTP/2.0" 304 - "https://www.digitechtalks.in/wp-admin/" "Mozilla/5.0 (Windows NT 10.0; Win64; x64) AppleWebKit/537.36 (KHTML, like Gecko) Chrome/83.0.4103.116 Safari/537.36" www.digitechtalks.in 103.53.42.63
103.219.229.1 - - [01/Jul/2020:10:19:30 +0000] "GET /wp-content/plugins/premium-addons-for-elementor/admin/assets/js/pa-notice.js?ver=3.20.7 HTTP/2.0" 304 - "https://www.digitechtalks.in/wp-admin/" "Mozilla/5.0 (Windows NT 10.0; Win64; x64) AppleWebKit/537.36 (KHTML, like Gecko) Chrome/83.0.4103.116 Safari/537.36" www.digitechtalks.in 103.53.42.63
103.219.229.1 - - [01/Jul/2020:10:19:30 +0000] "GET /wp-content/plugins/elementor/assets/js/common.min.js?ver=2.9.13 HTTP/2.0" 304 - "https://www.digitechtalks.in/wp-admin/" "Mozilla/5.0 (Windows NT 10.0; Win64; x64) AppleWebKit/537.36 (KHTML, like Gecko) Chrome/83.0.4103.116 Safari/537.36" www.digitechtalks.in 103.53.42.63
103.219.229.1 - - [01/Jul/2020:10:19:30 +0000] "GET /wp-content/plugins/elementor/assets/js/admin.min.js?ver=2.9.13 HTTP/2.0" 304 - "https://www.digitechtalks.in/wp-admin/" "Mozilla/5.0 (Windows NT 10.0; Win64; x64) AppleWebKit/537.36 (KHTML, like Gecko) Chrome/83.0.4103.116 Safari/537.36" www.digitechtalks.in 103.53.42.63
103.219.229.1 - - [01/Jul/2020:10:19:30 +0000] "GET /wp-content/plugins/wpforms-lite/lite/assets/js/admin/dashboard-widget.min.js?ver=1.6.1 HTTP/2.0" 304 - "https://www.digitechtalks.in/wp-admin/" "Mozilla/5.0 (Windows NT 10.0; Win64; x64) AppleWebKit/537.36 (KHTML, like Gecko) Chrome/83.0.4103.116 Safari/537.36" www.digitechtalks.in 103.53.42.63
103.219.229.1 - - [01/Jul/2020:10:19:30 +0000] "GET /wp-content/plugins/astra-sites/inc/assets/js/install-theme.js?ver=2.3.2 HTTP/2.0" 304 - "https://www.digitechtalks.in/wp-admin/" "Mozilla/5.0 (Windows NT 10.0; Win64; x64) AppleWebKit/537.36 (KHTML, like Gecko) Chrome/83.0.4103.116 Safari/537.36" www.digitechtalks.in 103.53.42.63
103.219.229.1 - - [01/Jul/2020:10:19:29 +0000] "GET /robots.txt HTTP/2.0" 200 67 "-" "Mozilla/5.0 (Windows NT 10.0; Win64; x64) AppleWebKit/537.36 (KHTML, like Gecko) Chrome/83.0.4103.116 Safari/537.36" www.digitechtalks.in 103.53.42.63
103.219.229.1 - - [01/Jul/2020:10:19:30 +0000] "POST /wp-admin/admin-ajax.php?_fs_blog_admin=true HTTP/2.0" 200 47 "https://www.digitechtalks.in/wp-admin/" "Mozilla/5.0 (Windows NT 10.0; Win64; x64) AppleWebKit/537.36 (KHTML, like Gecko) Chrome/83.0.4103.116 Safari/537.36" www.digitechtalks.in 103.53.42.63
103.219.229.1 - - [01/Jul/2020:10:19:31 +0000] "POST /wp-admin/admin-ajax.php?_fs_blog_admin=true HTTP/2.0" 200 16 "https://www.digitechtalks.in/wp-admin/" "Mozilla/5.0 (Windows NT 10.0; Win64; x64) AppleWebKit/537.36 (KHTML, like Gecko) Chrome/83.0.4103.116 Safari/537.36" www.digitechtalks.in 103.53.42.63
103.219.229.1 - - [01/Jul/2020:10:19:31 +0000] "POST /wp-admin/admin-ajax.php?_fs_blog_admin=true HTTP/2.0" 200 16 "https://www.digitechtalks.in/wp-admin/" "Mozilla/5.0 (Windows NT 10.0; Win64; x64) AppleWebKit/537.36 (KHTML, like Gecko) Chrome/83.0.4103.116 Safari/537.36" www.digitechtalks.in 103.53.42.63
103.219.229.1 - - [01/Jul/2020:10:19:32 +0000] "GET /wp-admin/ HTTP/2.0" 200 46215 "-" "Mozilla/5.0 (Windows NT 10.0; Win64; x64) AppleWebKit/537.36 (KHTML, like Gecko) Chrome/83.0.4103.116 Safari/537.36" www.digitechtalks.in 103.53.42.63
103.53.42.63 - - [01/Jul/2020:10:19:35 +0000] "POST /wp-cron.php?doing_wp_cron=1593598775.2006700038909912109375 HTTP/1.1" 200 - "https://www.digitechtalks.in/wp-cron.php?doing_wp_cron=1593598775.2006700038909912109375" "WordPress/5.4.2; http://www.digitechtalks.in" www.digitechtalks.in 103.53.42.63
103.219.229.1 - - [01/Jul/2020:10:19:31 +0000] "POST /wp-json/google-site-kit/v1/data/?_locale=user HTTP/2.0" 200 1579 "https://www.digitechtalks.in/wp-admin/" "Mozilla/5.0 (Windows NT 10.0; Win64; x64) AppleWebKit/537.36 (KHTML, like Gecko) Chrome/83.0.4103.116 Safari/537.36" www.digitechtalks.in 103.53.42.63
103.219.229.1 - - [01/Jul/2020:10:19:40 +0000] "GET /wp-admin/edit.php?post_type=page HTTP/2.0" 200 49606 "https://www.digitechtalks.in/wp-admin/" "Mozilla/5.0 (Windows NT 10.0; Win64; x64) AppleWebKit/537.36 (KHTML, like Gecko) Chrome/83.0.4103.116 Safari/537.36" www.digitechtalks.in 103.53.42.63
103.219.229.1 - - [01/Jul/2020:10:19:43 +0000] "GET /wp-admin/js/tags-suggest.min.js?ver=5.4.2 HTTP/2.0" 200 1098 "https://www.digitechtalks.in/wp-admin/edit.php?post_type=page" "Mozilla/5.0 (Windows NT 10.0; Win64; x64) AppleWebKit/537.36 (KHTML, like Gecko) Chrome/83.0.4103.116 Safari/537.36" www.digitechtalks.in 103.53.42.63
103.219.229.1 - - [01/Jul/2020:10:19:43 +0000] "GET /wp-admin/js/inline-edit-post.min.js?ver=5.4.2 HTTP/2.0" 200 3069 "https://www.digitechtalks.in/wp-admin/edit.php?post_type=page" "Mozilla/5.0 (Windows NT 10.0; Win64; x64) AppleWebKit/537.36 (KHTML, like Gecko) Chrome/83.0.4103.116 Safari/537.36" www.digitechtalks.in 103.53.42.63
103.219.229.1 - - [01/Jul/2020:10:19:43 +0000] "GET /wp-admin/load-scripts.php?c=0&load%5Bchunk_0%5D=hoverIntent,common,hoverintent-js,admin-bar,jquery-ui-core,jquery-ui-widget,jquery-ui-position,jquery-ui-menu&ver=5.4.2 HTTP/2.0" 200 19316 "https://www.digitechtalks.in/wp-admin/edit.php?post_type=page" "Mozilla/5.0 (Windows NT 10.0; Win64; x64) AppleWebKit/537.36 (KHTML, like Gecko) Chrome/83.0.4103.116 Safari/537.36" www.digitechtalks.in 103.53.42.63
103.219.229.1 - - [01/Jul/2020:10:19:43 +0000] "GET /robots.txt HTTP/2.0" 200 67 "-" "Mozilla/5.0 (Windows NT 10.0; Win64; x64) AppleWebKit/537.36 (KHTML, like Gecko) Chrome/83.0.4103.116 Safari/537.36" www.digitechtalks.in 103.53.42.63
103.219.229.1 - - [01/Jul/2020:10:19:44 +0000] "POST /wp-admin/admin-ajax.php?_fs_blog_admin=true HTTP/2.0" 200 47 "https://www.digitechtalks.in/wp-admin/edit.php?post_type=page" "Mozilla/5.0 (Windows NT 10.0; Win64; x64) AppleWebKit/537.36 (KHTML, like Gecko) Chrome/83.0.4103.116 Safari/537.36" www.digitechtalks.in 103.53.42.63
103.219.229.1 - - [01/Jul/2020:10:19:44 +0000] "GET /wp-admin/edit.php?post_type=page HTTP/2.0" 200 49604 "-" "Mozilla/5.0 (Windows NT 10.0; Win64; x64) AppleWebKit/537.36 (KHTML, like Gecko) Chrome/83.0.4103.116 Safari/537.36" www.digitechtalks.in 103.53.42.63
103.219.229.1 - - [01/Jul/2020:10:19:57 +0000] "GET /wp-content/plugins/astra-sites/inc/assets/css/elementor-admin-dark.css?ver=1 HTTP/2.0" 304 - "https://www.digitechtalks.in/wp-admin/post.php?post=1869&action=elementor" "Mozilla/5.0 (Windows NT 10.0; Win64; x64) AppleWebKit/537.36 (KHTML, like Gecko) Chrome/83.0.4103.116 Safari/537.36" www.digitechtalks.in 103.53.42.63
103.219.229.1 - - [01/Jul/2020:10:19:57 +0000] "GET /wp-content/plugins/astra-sites/inc/assets/css/elementor-admin.css?ver=1 HTTP/2.0" 304 - "https://www.digitechtalks.in/wp-admin/post.php?post=1869&action=elementor" "Mozilla/5.0 (Windows NT 10.0; Win64; x64) AppleWebKit/537.36 (KHTML, like Gecko) Chrome/83.0.4103.116 Safari/537.36" www.digitechtalks.in 103.53.42.63
103.219.229.1 - - [01/Jul/2020:10:19:57 +0000] "GET /wp-content/plugins/essential-addons-for-elementor-lite/assets/admin/css/editor.css?ver=1593598795 HTTP/2.0" 200 1221 "https://www.digitechtalks.in/wp-admin/post.php?post=1869&action=elementor" "Mozilla/5.0 (Windows NT 10.0; Win64; x64) AppleWebKit/537.36 (KHTML, like Gecko) Chrome/83.0.4103.116 Safari/537.36" www.digitechtalks.in 103.53.42.63
103.219.229.1 - - [01/Jul/2020:10:19:57 +0000] "GET /wp-content/plugins/elementskit-lite/modules/library/assets/css/editor.css?ver=1.5.7 HTTP/2.0" 304 - "https://www.digitechtalks.in/wp-admin/post.php?post=1869&action=elementor" "Mozilla/5.0 (Windows NT 10.0; Win64; x64) AppleWebKit/537.36 (KHTML, like Gecko) Chrome/83.0.4103.116 Safari/537.36" www.digitechtalks.in 103.53.42.63
103.219.229.1 - - [01/Jul/2020:10:19:57 +0000] "GET /wp-content/plugins/premium-addons-for-elementor/assets/editor/templates/css/editor.css?ver=3.20.7 HTTP/2.0" 304 - "https://www.digitechtalks.in/wp-admin/post.php?post=1869&action=elementor" "Mozilla/5.0 (Windows NT 10.0; Win64; x64) AppleWebKit/537.36 (KHTML, like Gecko) Chrome/83.0.4103.116 Safari/537.36" www.digitechtalks.in 103.53.42.63
103.219.229.1 - - [01/Jul/2020:10:19:57 +0000] "GET /wp-content/plugins/elementskit-lite/modules/controls/assets/js/imagechoose.js?ver=5.4.2 HTTP/2.0" 304 - "https://www.digitechtalks.in/wp-admin/post.php?post=1869&action=elementor" "Mozilla/5.0 (Windows NT 10.0; Win64; x64) AppleWebKit/537.36 (KHTML, like Gecko) Chrome/83.0.4103.116 Safari/537.36" www.digitechtalks.in 103.53.42.63
103.219.229.1 - - [01/Jul/2020:10:19:57 +0000] "GET /wp-content/plugins/elementskit-lite/modules/controls/assets/js/ajaxchoose.js?ver=5.4.2 HTTP/2.0" 304 - "https://www.digitechtalks.in/wp-admin/post.php?post=1869&action=elementor" "Mozilla/5.0 (Windows NT 10.0; Win64; x64) AppleWebKit/537.36 (KHTML, like Gecko) Chrome/83.0.4103.116 Safari/537.36" www.digitechtalks.in 103.53.42.63
103.219.229.1 - - [01/Jul/2020:10:19:57 +0000] "GET /wp-content/plugins/essential-addons-for-elementor-lite/assets/admin/css/eaicon.css?ver=1593598795 HTTP/2.0" 200 1108 "https://www.digitechtalks.in/wp-admin/post.php?post=1869&action=elementor" "Mozilla/5.0 (Windows NT 10.0; Win64; x64) AppleWebKit/537.36 (KHTML, like Gecko) Chrome/83.0.4103.116 Safari/537.36" www.digitechtalks.in 103.53.42.63
103.219.229.1 - - [01/Jul/2020:10:19:57 +0000] "GET /wp-content/plugins/elementskit-lite/modules/controls/assets/js/widgetarea-inspactor.js?ver=5.4.2 HTTP/2.0" 304 - "https://www.digitechtalks.in/wp-admin/post.php?post=1869&action=elementor" "Mozilla/5.0 (Windows NT 10.0; Win64; x64) AppleWebKit/537.36 (KHTML, like Gecko) Chrome/83.0.4103.116 Safari/537.36" www.digitechtalks.in 103.53.42.63
103.219.229.1 - - [01/Jul/2020:10:19:57 +0000] "GET /wp-content/plugins/elementor/assets/lib/e-select2/css/e-select2.min.css?ver=4.0.6-rc.1 HTTP/2.0" 304 - "https://www.digitechtalks.in/wp-admin/post.php?post=1869&action=elementor" "Mozilla/5.0 (Windows NT 10.0; Win64; x64) AppleWebKit/537.36 (KHTML, like Gecko) Chrome/83.0.4103.116 Safari/537.36" www.digitechtalks.in 103.53.42.63
103.219.229.1 - - [01/Jul/2020:10:19:57 +0000] "GET /wp-content/plugins/elementor/assets/lib/font-awesome/js/v4-shims.min.js?ver=2.9.13 HTTP/2.0" 304 - "https://www.digitechtalks.in/wp-admin/post.php?post=1869&action=elementor" "Mozilla/5.0 (Windows NT 10.0; Win64; x64) AppleWebKit/537.36 (KHTML, like Gecko) Chrome/83.0.4103.116 Safari/537.36" www.digitechtalks.in 103.53.42.63
103.219.229.1 - - [01/Jul/2020:10:19:57 +0000] "GET /wp-content/plugins/elementor/assets/lib/flatpickr/flatpickr.min.css?ver=1.12.0 HTTP/2.0" 304 - "https://www.digitechtalks.in/wp-admin/post.php?post=1869&action=elementor" "Mozilla/5.0 (Windows NT 10.0; Win64; x64) AppleWebKit/537.36 (KHTML, like Gecko) Chrome/83.0.4103.116 Safari/537.36" www.digitechtalks.in 103.53.42.63
103.219.229.1 - - [01/Jul/2020:10:19:57 +0000] "GET /wp-content/plugins/elementor/assets/lib/pickr/themes/monolith.min.css?ver=1.5.0 HTTP/2.0" 304 - "https://www.digitechtalks.in/wp-admin/post.php?post=1869&action=elementor" "Mozilla/5.0 (Windows NT 10.0; Win64; x64) AppleWebKit/537.36 (KHTML, like Gecko) Chrome/83.0.4103.116 Safari/537.36" www.digitechtalks.in 103.53.42.63
103.219.229.1 - - [01/Jul/2020:10:19:57 +0000] "GET /wp-content/plugins/elementor/assets/css/editor.min.css?ver=2.9.13 HTTP/2.0" 304 - "https://www.digitechtalks.in/wp-admin/post.php?post=1869&action=elementor" "Mozilla/5.0 (Windows NT 10.0; Win64; x64) AppleWebKit/537.36 (KHTML, like Gecko) Chrome/83.0.4103.116 Safari/537.36" www.digitechtalks.in 103.53.42.63
103.219.229.1 - - [01/Jul/2020:10:19:57 +0000] "GET /wp-content/plugins/elementskit-lite/modules/controls/assets/css/imagechoose.css?ver=1.0.0 HTTP/2.0" 304 - "https://www.digitechtalks.in/wp-admin/post.php?post=1869&action=elementor" "Mozilla/5.0 (Windows NT 10.0; Win64; x64) AppleWebKit/537.36 (KHTML, like Gecko) Chrome/83.0.4103.116 Safari/537.36" www.digitechtalks.in 103.53.42.63
103.219.229.1 - - [01/Jul/2020:10:19:57 +0000] "GET /wp-content/plugins/elementskit-lite/modules/controls/assets/css/widgetarea-inspactor.css?ver=1.0.0 HTTP/2.0" 304 - "https://www.digitechtalks.in/wp-admin/post.php?post=1869&action=elementor" "Mozilla/5.0 (Windows NT 10.0; Win64; x64) AppleWebKit/537.36 (KHTML, like Gecko) Chrome/83.0.4103.116 Safari/537.36" www.digitechtalks.in 103.53.42.63
103.219.229.1 - - [01/Jul/2020:10:19:57 +0000] "GET /wp-content/plugins/elementskit-lite/modules/controls/assets/css/ekiticons.css?ver=1.0.1 HTTP/2.0" 304 - "https://www.digitechtalks.in/wp-admin/post.php?post=1869&action=elementor" "Mozilla/5.0 (Windows NT 10.0; Win64; x64) AppleWebKit/537.36 (KHTML, like Gecko) Chrome/83.0.4103.116 Safari/537.36" www.digitechtalks.in 103.53.42.63
103.219.229.1 - - [01/Jul/2020:10:19:57 +0000] "GET /wp-content/plugins/premium-addons-for-elementor/assets/editor/css/style.css?ver=3.20.7 HTTP/2.0" 304 - "https://www.digitechtalks.in/wp-admin/post.php?post=1869&action=elementor" "Mozilla/5.0 (Windows NT 10.0; Win64; x64) AppleWebKit/537.36 (KHTML, like Gecko) Chrome/83.0.4103.116 Safari/537.36" www.digitechtalks.in 103.53.42.63
103.219.229.1 - - [01/Jul/2020:10:19:57 +0000] "GET /wp-content/plugins/elementor/assets/lib/font-awesome/css/all.min.css?ver=2.9.13 HTTP/2.0" 304 - "https://www.digitechtalks.in/wp-admin/post.php?post=1869&action=elementor" "Mozilla/5.0 (Windows NT 10.0; Win64; x64) AppleWebKit/537.36 (KHTML, like Gecko) Chrome/83.0.4103.116 Safari/537.36" www.digitechtalks.in 103.53.42.63
103.219.229.1 - - [01/Jul/2020:10:19:57 +0000] "GET /wp-content/plugins/elementor/assets/lib/font-awesome/css/v4-shims.min.css?ver=2.9.13 HTTP/2.0" 304 - "https://www.digitechtalks.in/wp-admin/post.php?post=1869&action=elementor" "Mozilla/5.0 (Windows NT 10.0; Win64; x64) AppleWebKit/537.36 (KHTML, like Gecko) Chrome/83.0.4103.116 Safari/537.36" www.digitechtalks.in 103.53.42.63
103.219.229.1 - - [01/Jul/2020:10:19:57 +0000] "GET /wp-content/plugins/elementskit-lite/widgets/init/assets/css/editor.css?ver=1.5.7 HTTP/2.0" 304 - "https://www.digitechtalks.in/wp-admin/post.php?post=1869&action=elementor" "Mozilla/5.0 (Windows NT 10.0; Win64; x64) AppleWebKit/537.36 (KHTML, like Gecko) Chrome/83.0.4103.116 Safari/537.36" www.digitechtalks.in 103.53.42.63
